Archive member included because of file (symbol)

/usr/lib/gcc/arm-none-eabi/4.8.2/../../../arm-none-eabi/lib/armv7e-m/fpu/libg.a(lib_a-atexit.o)
                              /usr/lib/gcc/arm-none-eabi/4.8.2/../../../arm-none-eabi/lib/armv7e-m/fpu/crt0.o (atexit)
/usr/lib/gcc/arm-none-eabi/4.8.2/../../../arm-none-eabi/lib/armv7e-m/fpu/libg.a(lib_a-ctype_.o)
                              build/parser.o (__ctype_ptr__)
/usr/lib/gcc/arm-none-eabi/4.8.2/../../../arm-none-eabi/lib/armv7e-m/fpu/libg.a(lib_a-errno.o)
                              build/syscall.o (__errno)
/usr/lib/gcc/arm-none-eabi/4.8.2/../../../arm-none-eabi/lib/armv7e-m/fpu/libg.a(lib_a-exit.o)
                              /usr/lib/gcc/arm-none-eabi/4.8.2/../../../arm-none-eabi/lib/armv7e-m/fpu/crt0.o (exit)
/usr/lib/gcc/arm-none-eabi/4.8.2/../../../arm-none-eabi/lib/armv7e-m/fpu/libg.a(lib_a-fini.o)
                              /usr/lib/gcc/arm-none-eabi/4.8.2/../../../arm-none-eabi/lib/armv7e-m/fpu/crt0.o (__libc_fini_array)
/usr/lib/gcc/arm-none-eabi/4.8.2/../../../arm-none-eabi/lib/armv7e-m/fpu/libg.a(lib_a-impure.o)
                              /usr/lib/gcc/arm-none-eabi/4.8.2/../../../arm-none-eabi/lib/armv7e-m/fpu/libg.a(lib_a-exit.o) (_global_impure_ptr)
/usr/lib/gcc/arm-none-eabi/4.8.2/../../../arm-none-eabi/lib/armv7e-m/fpu/libg.a(lib_a-init.o)
                              /usr/lib/gcc/arm-none-eabi/4.8.2/../../../arm-none-eabi/lib/armv7e-m/fpu/crt0.o (__libc_init_array)
/usr/lib/gcc/arm-none-eabi/4.8.2/../../../arm-none-eabi/lib/armv7e-m/fpu/libg.a(lib_a-memset.o)
                              /usr/lib/gcc/arm-none-eabi/4.8.2/../../../arm-none-eabi/lib/armv7e-m/fpu/crt0.o (memset)
/usr/lib/gcc/arm-none-eabi/4.8.2/../../../arm-none-eabi/lib/armv7e-m/fpu/libg.a(lib_a-printf.o)
                              build/main.o (printf)
/usr/lib/gcc/arm-none-eabi/4.8.2/../../../arm-none-eabi/lib/armv7e-m/fpu/libg.a(lib_a-putchar.o)
                              build/cooperative.o (putchar)
/usr/lib/gcc/arm-none-eabi/4.8.2/../../../arm-none-eabi/lib/armv7e-m/fpu/libg.a(lib_a-puts.o)
                              build/main.o (puts)
/usr/lib/gcc/arm-none-eabi/4.8.2/../../../arm-none-eabi/lib/armv7e-m/fpu/libg.a(lib_a-setvbuf.o)
                              build/terminal.o (setvbuf)
/usr/lib/gcc/arm-none-eabi/4.8.2/../../../arm-none-eabi/lib/armv7e-m/fpu/libg.a(lib_a-strcasecmp.o)
                              build/parser.o (strcasecmp)
/usr/lib/gcc/arm-none-eabi/4.8.2/../../../arm-none-eabi/lib/armv7e-m/fpu/libg.a(lib_a-strcpy.o)
                              build/parser.o (strcpy)
/usr/lib/gcc/arm-none-eabi/4.8.2/../../../arm-none-eabi/lib/armv7e-m/fpu/libg.a(lib_a-strlen.o)
                              build/parser.o (strlen)
/usr/lib/gcc/arm-none-eabi/4.8.2/../../../arm-none-eabi/lib/armv7e-m/fpu/libg.a(lib_a-strtok.o)
                              build/parser.o (strtok)
/usr/lib/gcc/arm-none-eabi/4.8.2/../../../arm-none-eabi/lib/armv7e-m/fpu/libg.a(lib_a-strtok_r.o)
                              /usr/lib/gcc/arm-none-eabi/4.8.2/../../../arm-none-eabi/lib/armv7e-m/fpu/libg.a(lib_a-strtok.o) (__strtok_r)
/usr/lib/gcc/arm-none-eabi/4.8.2/../../../arm-none-eabi/lib/armv7e-m/fpu/libg.a(lib_a-strtol.o)
                              build/parser.o (strtol)
/usr/lib/gcc/arm-none-eabi/4.8.2/../../../arm-none-eabi/lib/armv7e-m/fpu/libg.a(lib_a-strtoul.o)
                              build/parser.o (strtoul)
/usr/lib/gcc/arm-none-eabi/4.8.2/../../../arm-none-eabi/lib/armv7e-m/fpu/libg.a(lib_a-vfprintf.o)
                              /usr/lib/gcc/arm-none-eabi/4.8.2/../../../arm-none-eabi/lib/armv7e-m/fpu/libg.a(lib_a-printf.o) (_vfprintf_r)
/usr/lib/gcc/arm-none-eabi/4.8.2/../../../arm-none-eabi/lib/armv7e-m/fpu/libg.a(lib_a-wsetup.o)
                              /usr/lib/gcc/arm-none-eabi/4.8.2/../../../arm-none-eabi/lib/armv7e-m/fpu/libg.a(lib_a-vfprintf.o) (__swsetup_r)
/usr/lib/gcc/arm-none-eabi/4.8.2/../../../arm-none-eabi/lib/armv7e-m/fpu/libg.a(lib_a-__atexit.o)
                              /usr/lib/gcc/arm-none-eabi/4.8.2/../../../arm-none-eabi/lib/armv7e-m/fpu/libg.a(lib_a-atexit.o) (__register_exitproc)
/usr/lib/gcc/arm-none-eabi/4.8.2/../../../arm-none-eabi/lib/armv7e-m/fpu/libg.a(lib_a-__call_atexit.o)
                              /usr/lib/gcc/arm-none-eabi/4.8.2/../../../arm-none-eabi/lib/armv7e-m/fpu/libg.a(lib_a-exit.o) (__call_exitprocs)
/usr/lib/gcc/arm-none-eabi/4.8.2/../../../arm-none-eabi/lib/armv7e-m/fpu/libg.a(lib_a-dtoa.o)
                              /usr/lib/gcc/arm-none-eabi/4.8.2/../../../arm-none-eabi/lib/armv7e-m/fpu/libg.a(lib_a-vfprintf.o) (_dtoa_r)
/usr/lib/gcc/arm-none-eabi/4.8.2/../../../arm-none-eabi/lib/armv7e-m/fpu/libg.a(lib_a-fflush.o)
                              /usr/lib/gcc/arm-none-eabi/4.8.2/../../../arm-none-eabi/lib/armv7e-m/fpu/libg.a(lib_a-setvbuf.o) (_fflush_r)
/usr/lib/gcc/arm-none-eabi/4.8.2/../../../arm-none-eabi/lib/armv7e-m/fpu/libg.a(lib_a-findfp.o)
[...]
Memory Configuration

Name             Origin             Length             Attributes
FLASH            0x08000000         0x00040000         xr
RAM              0x20000000         0x0000a000         xrw
CCMRAM           0x10000000         0x00002000         rw
*default*        0x00000000         0xffffffff

Linker script and memory map

LOAD /usr/lib/gcc/arm-none-eabi/4.8.2/armv7e-m/fpu/crti.o
LOAD /usr/lib/gcc/arm-none-eabi/4.8.2/armv7e-m/fpu/crtbegin.o
LOAD /usr/lib/gcc/arm-none-eabi/4.8.2/../../../arm-none-eabi/lib/armv7e-m/fpu/crt0.o
LOAD build/main.o
LOAD build/cooperative.o
LOAD build/cooperative_exe.o
LOAD build/dc_motor.o
LOAD build/mycode.o
LOAD build/mytest.o
LOAD build/monitor.o
LOAD build/parser.o
LOAD build/dump.o
LOAD build/syscall.o
LOAD build/terminal.o
LOAD build/decoder/decoder.o
LOAD build/decoder/STM32F30x_decoder.o
LOAD build/Drivers/CMSIS/Device/ST/STM32F3xx/Source/Templates/system_stm32f3xx.o
LOAD build/Drivers/STM32F3xx_HAL_Driver/Src/stm32f3xx_hal_rcc.o
LOAD build/Drivers/STM32F3xx_HAL_Driver/Src/stm32f3xx_hal.o
LOAD build/Drivers/STM32F3xx_HAL_Driver/Src/stm32f3xx_hal_cortex.o
LOAD build/Drivers/STM32F3xx_HAL_Driver/Src/stm32f3xx_hal_uart.o
LOAD build/Drivers/STM32F3xx_HAL_Driver/Src/stm32f3xx_hal_gpio.o
LOAD build/Drivers/STM32F3xx_HAL_Driver/Src/stm32f3xx_hal_pcd.o
LOAD build/Drivers/STM32F3xx_HAL_Driver/Src/stm32f3xx_hal_pcd_ex.o
LOAD build/Drivers/STM32F3xx_HAL_Driver/Src/stm32f3xx_hal_i2c.o
LOAD build/Drivers/STM32F3xx_HAL_Driver/Src/stm32f3xx_hal_spi.o
LOAD build/Drivers/STM32F3xx_HAL_Driver/Src/stm32f3xx_hal_tim.o
LOAD build/Drivers/STM32_USB_Device_Library/Core/Src/usbd_core.o
LOAD build/Drivers/STM32_USB_Device_Library/Core/Src/usbd_ctlreq.o
LOAD build/Drivers/STM32_USB_Device_Library/Core/Src/usbd_ioreq.o
LOAD build/Drivers/STM32_USB_Device_Library/Class/CDC/Src/usbd_cdc.o
LOAD build/usbd_conf.o
LOAD build/usbd_desc.o
LOAD build/usbd_cdc_interface.o
LOAD build/Drivers/BSP/STM32F3-Discovery/stm32f3_discovery.o
LOAD build/Drivers/BSP/STM32F3-Discovery/stm32f3_discovery_accelerometer.o
LOAD build/Drivers/BSP/STM32F3-Discovery/stm32f3_discovery_gyroscope.o
LOAD build/Drivers/BSP/Components/lsm303dlhc/lsm303dlhc.o
LOAD build/Drivers/BSP/Components/l3gd20/l3gd20.o
LOAD build/Drivers/CMSIS/Device/ST/STM32F3xx/Source/Templates/gcc/startup_stm32f303xc.o
START GROUP
LOAD /usr/lib/gcc/arm-none-eabi/4.8.2/armv7e-m/fpu/libgcc.a
LOAD /usr/lib/gcc/arm-none-eabi/4.8.2/../../../arm-none-eabi/lib/armv7e-m/fpu/libg.a
LOAD /usr/lib/gcc/arm-none-eabi/4.8.2/../../../arm-none-eabi/lib/armv7e-m/fpu/libc.a
END GROUP
LOAD /usr/lib/gcc/arm-none-eabi/4.8.2/armv7e-m/fpu/crtend.o
LOAD /usr/lib/gcc/arm-none-eabi/4.8.2/armv7e-m/fpu/crtn.o
                0x20007fff                _estack = 0x20007fff
                0x00000200                _Min_Heap_Size = 0x200
                0x00000400                _Min_Stack_Size = 0x400

.isr_vector     0x08000000      0x188
                0x08000000                . = ALIGN (0x4)
 *(.isr_vector)
 .isr_vector    0x08000000      0x188 build/Drivers/CMSIS/Device/ST/STM32F3xx/Source/Templates/gcc/startup_stm32f303xc.o
                0x08000000                g_pfnVectors
                0x08000188                . = ALIGN (0x4)

.text           0x08000188     0xb044
                0x08000188                . = ALIGN (0x4)
 *(.text)
 .text          0x08000188       0xc8 /usr/lib/gcc/arm-none-eabi/4.8.2/armv7e-m/fpu/crtbegin.o
 .text          0x08000250       0x3c build/mycode.o
                0x08000250                mytest
                0x08000268                my_Tick
                0x0800027c                my_Loop
                0x08000280                my_Init
 .text          0x0800028c      0x134 /usr/lib/gcc/arm-none-eabi/4.8.2/../../../arm-none-eabi/lib/armv7e-m/fpu/libg.a(lib_a-memcpy.o)
                0x0800028c                memcpy
 .text          0x080003c0      0x370 /usr/lib/gcc/arm-none-eabi/4.8.2/armv7e-m/fpu/libgcc.a(_arm_addsubdf3.o)
                0x080003c0                __aeabi_drsub
                0x080003c8                __aeabi_dsub
                0x080003c8                __subdf3
                0x080003cc                __adddf3
                0x080003cc                __aeabi_dadd
                0x08000644                __aeabi_ui2d
                0x08000644                __floatunsidf
                0x08000664                __floatsidf
                0x08000664                __aeabi_i2d
                0x08000688                __extendsfdf2
                0x08000688                __aeabi_f2d
                0x080006c4                __aeabi_ul2d
                0x080006c4                __floatundidf
                0x080006d4                __floatdidf
                0x080006d4                __aeabi_l2d
 .text          0x08000730      0x424 /usr/lib/gcc/arm-none-eabi/4.8.2/armv7e-m/fpu/libgcc.a(_arm_muldivdf3.o)
                0x08000730                __aeabi_dmul
                0x08000730                __muldf3
                0x08000984                __aeabi_ddiv
                0x08000984                __divdf3
 .text          0x08000b54      0x110 /usr/lib/gcc/arm-none-eabi/4.8.2/armv7e-m/fpu/libgcc.a(_arm_cmpdf2.o)
                0x08000b54                __gtdf2
                0x08000b54                __gedf2
                0x08000b5c                __ltdf2
                0x08000b5c                __ledf2
                0x08000b64                __cmpdf2
                0x08000b64                __eqdf2
                0x08000b64                __nedf2
                0x08000be0                __aeabi_cdrcmple
                0x08000bf0                __aeabi_cdcmple
                0x08000bf0                __aeabi_cdcmpeq
                0x08000c00                __aeabi_dcmpeq
                0x08000c14                __aeabi_dcmplt
                0x08000c28                __aeabi_dcmple
                0x08000c3c                __aeabi_dcmpge
                0x08000c50                __aeabi_dcmpgt
 .text          0x08000c64       0x50 /usr/lib/gcc/arm-none-eabi/4.8.2/armv7e-m/fpu/libgcc.a(_arm_fixdfsi.o)
                0x08000c64                __fixdfsi
                0x08000c64                __aeabi_d2iz
 .text          0x08000cb4       0x2c /usr/lib/gcc/arm-none-eabi/4.8.2/armv7e-m/fpu/libgcc.a(_aeabi_uldivmod.o)
                0x08000cb4                __aeabi_uldivmod
 .text          0x08000ce0       0x60 /usr/lib/gcc/arm-none-eabi/4.8.2/armv7e-m/fpu/libgcc.a(bpabi.o)
                0x08000ce0                __gnu_ldivmod_helper
                0x08000d10                __gnu_uldivmod_helper
 .text          0x08000d40        0x4 /usr/lib/gcc/arm-none-eabi/4.8.2/armv7e-m/fpu/libgcc.a(_dvmd_tls.o)
                0x08000d40                __aeabi_ldiv0
                0x08000d40                __aeabi_idiv0
 .text          0x08000d44      0x2ac /usr/lib/gcc/arm-none-eabi/4.8.2/armv7e-m/fpu/libgcc.a(_divdi3.o)
                0x08000d44                __divdi3
 .text          0x08000ff0      0x27c /usr/lib/gcc/arm-none-eabi/4.8.2/armv7e-m/fpu/libgcc.a(_udivdi3.o)
                0x08000ff0                __udivdi3
 *(.text*)
 .text.CmdLED   0x0800126c       0x5c build/main.o
                0x0800126c                CmdLED
 .text.CmdAccel
                0x080012c8       0x28 build/main.o
                0x080012c8                CmdAccel
 .text.CmdGyro  0x080012f0       0x54 build/main.o
                0x080012f0                CmdGyro
 .text.CmdButton
                0x08001344       0x2c build/main.o
                0x08001344                CmdButton
 .text.Error_Handler
                0x08001370        0xa build/main.o
                0x08001370                Error_Handler
 *fill*         0x0800137a        0x2 
 .text.startup.main
                0x0800137c       0x8c build/main.o
                0x0800137c                main
 .text.SysTick_Handler
                0x08001408        0x4 build/main.o
                0x08001408                SysTick_Handler
 .text.TaskNull
                0x0800140c        0x2 build/cooperative.o
                0x0800140c                TaskNull
 *fill*         0x0800140e        0x2 
 .text.TaskSwitcher
                0x08001410       0x78 build/cooperative.o
                0x08001410                TaskSwitcher
 .text.TaskKill
                0x08001488       0x2c build/cooperative.o
                0x08001488                TaskKill
 .text.TaskShell
                0x080014b4       0x24 build/cooperative.o
 .text.TaskAdd  0x080014d8       0x70 build/cooperative.o
                0x080014d8                TaskAdd
 .text.task0    0x08001548       0x3c build/cooperative.o
                0x08001548                task0
 .text.task1    0x08001584       0x3c build/cooperative.o
                0x08001584                task1
 .text.task2    0x080015c0       0x3c build/cooperative.o
                0x080015c0                task2
 .text.task3    0x080015fc       0x3c build/cooperative.o
                0x080015fc                task3
 .text.task4    0x08001638       0x24 build/cooperative.o
                0x08001638                task4
 .text.TaskCurrent
                0x0800165c        0xc build/cooperative.o
                0x0800165c                TaskCurrent
 .text.TaskInit
                0x08001668       0x58 build/cooperative.o
                0x08001668                TaskInit
 .text.CmdTaskKill
                0x080016c0       0x40 build/cooperative_exe.o
                0x080016c0                CmdTaskKill
 .text.CmdTaskTest
                0x08001700        0x8 build/cooperative_exe.o
                0x08001700                CmdTaskTest
 .text.CmdTaskAdd
                0x08001708       0x4c build/cooperative_exe.o
                0x08001708                CmdTaskAdd
 .text.CmdTaskCurrent
                0x08001754       0x1c build/cooperative_exe.o
                0x08001754                CmdTaskCurrent
 .text.DcMotorInit
                0x08001770       0xd8 build/dc_motor.o
                0x08001770                DcMotorInit
 .text.dcRun    0x08001848       0x38 build/dc_motor.o
                0x08001848                dcRun
 .text.CmdTest  0x08001880       0x30 build/mytest.o
                0x08001880                CmdTest
 .text.CmdW     0x080018b0       0x1c build/monitor.o
                0x080018b0                CmdW
 .text.CmdR     0x080018cc       0x20 build/monitor.o
                0x080018cc                CmdR
 .text.parse    0x080018ec       0xfc build/parser.o
                0x080018ec                parse
 .text.TaskInput
                0x080019e8      0x12c build/parser.o
                0x080019e8                TaskInput
 .text.fetch_int32_arg
                0x08001b14       0x28 build/parser.o
                0x08001b14                fetch_int32_arg
 .text.fetch_uint32_arg
                0x08001b3c       0x28 build/parser.o
                0x08001b3c                fetch_uint32_arg
 .text.fetch_string_arg
                0x08001b64       0x20 build/parser.o
                0x08001b64                fetch_string_arg
 .text.DumpBuffer
                0x08001b84       0xa4 build/dump.o
                0x08001b84                DumpBuffer
 .text.CmdDump  0x08001c28       0x54 build/dump.o
                0x08001c28                CmdDump
 .text._sbrk_r  0x08001c7c       0x34 build/syscall.o
                0x08001c7c                _sbrk_r
 .text._close_r
                0x08001cb0        0x6 build/syscall.o
                0x08001cb0                _close_r
 .text._fstat_r
                0x08001cb6        0xa build/syscall.o
                0x08001cb6                _fstat_r
 .text._isatty_r
                0x08001cc0        0x4 build/syscall.o
                0x08001cc0                _isatty_r
 .text._lseek_r
                0x08001cc4        0x4 build/syscall.o
                0x08001cc4                _lseek_r
 .text.USBD_CDC_DataIn
                0x08001cc8       0x80 build/terminal.o
 .text.CmdStats
                0x08001d48       0x50 build/terminal.o
                0x08001d48                CmdStats
 .text.TerminalInit
                0x08001d98       0x7c build/terminal.o
                0x08001d98                TerminalInit
 .text.TerminalRead
                0x08001e14       0x48 build/terminal.o
                0x08001e14                TerminalRead
 .text._read_r  0x08001e5c        0xa build/terminal.o
                0x08001e5c                _read_r
 .text.TerminalReadNonBlock
                0x08001e66       0x12 build/terminal.o
                0x08001e66                TerminalReadNonBlock
 .text.TerminalReadAnyNonBlock
                0x08001e78       0x12 build/terminal.o
                0x08001e78                TerminalReadAnyNonBlock
 *fill*         0x08001e8a        0x2 
 .text.TerminalOutputBufferWrite
                0x08001e8c       0xf0 build/terminal.o
                0x08001e8c                TerminalOutputBufferWrite
 .text._write_r
                0x08001f7c       0x38 build/terminal.o
                0x08001f7c                _write_r
 .text.TerminalInputBufferWrite
                0x08001fb4       0x74 build/terminal.o
                0x08001fb4                TerminalInputBufferWrite
 .text.USB_LP_CAN_RX0_IRQHandler
                0x08002028        0xc build/terminal.o
                0x08002028                USB_LP_CAN_RX0_IRQHandler
 .text.DecodeReadRegister
                0x08002034       0x40 build/decoder/decoder.o
                0x08002034                DecodeReadRegister
 .text.DecodeWriteRegister
                0x08002074       0x3c build/decoder/decoder.o
                0x08002074                DecodeWriteRegister
 .text.DecodeField
                0x080020b0       0x40 build/decoder/decoder.o
                0x080020b0                DecodeField
 .text.DecodeRegister
                0x080020f0       0x4c build/decoder/decoder.o
                0x080020f0                DecodeRegister
 .text.DecodePeripheral
                0x0800213c       0x3c build/decoder/decoder.o
                0x0800213c                DecodePeripheral
 .text.DecodePrintPeripherals
                0x08002178       0x50 build/decoder/decoder.o
                0x08002178                DecodePrintPeripherals
 .text.DecodePrintRegisters
                0x080021c8       0x54 build/decoder/decoder.o
                0x080021c8                DecodePrintRegisters
 .text.CmdDecode
                0x0800221c      0x1f8 build/decoder/decoder.o
                0x0800221c                CmdDecode
 .text.SystemInit
                0x08002414       0x68 build/Drivers/CMSIS/Device/ST/STM32F3xx/Source/Templates/system_stm32f3xx.o
                0x08002414                SystemInit
 .text.HAL_RCC_OscConfig
                0x0800247c      0x644 build/Drivers/STM32F3xx_HAL_Driver/Src/stm32f3xx_hal_rcc.o
                0x0800247c                HAL_RCC_OscConfig
 .text.HAL_RCC_ClockConfig
                0x08002ac0      0x2fc build/Drivers/STM32F3xx_HAL_Driver/Src/stm32f3xx_hal_rcc.o
                0x08002ac0                HAL_RCC_ClockConfig
 .text.HAL_RCC_GetSysClockFreq
                0x08002dbc       0x6c build/Drivers/STM32F3xx_HAL_Driver/Src/stm32f3xx_hal_rcc.o
                0x08002dbc                HAL_RCC_GetSysClockFreq
 .text.HAL_RCC_GetHCLKFreq
                0x08002e28       0x38 build/Drivers/STM32F3xx_HAL_Driver/Src/stm32f3xx_hal_rcc.o
                0x08002e28                HAL_RCC_GetHCLKFreq
 .text.HAL_MspInit
                0x08002e60        0x2 build/Drivers/STM32F3xx_HAL_Driver/Src/stm32f3xx_hal.o
                0x08002e60                HAL_MspInit
 .text.HAL_InitTick
                0x08002e62       0x24 build/Drivers/STM32F3xx_HAL_Driver/Src/stm32f3xx_hal.o
                0x08002e62                HAL_InitTick
 *fill*         0x08002e86        0x2 
 .text.HAL_Init
                0x08002e88       0x24 build/Drivers/STM32F3xx_HAL_Driver/Src/stm32f3xx_hal.o
                0x08002e88                HAL_Init
 .text.HAL_IncTick
                0x08002eac       0x10 build/Drivers/STM32F3xx_HAL_Driver/Src/stm32f3xx_hal.o
                0x08002eac                HAL_IncTick
 .text.HAL_GetTick
                0x08002ebc        0xc build/Drivers/STM32F3xx_HAL_Driver/Src/stm32f3xx_hal.o
                0x08002ebc                HAL_GetTick
 .text.HAL_Delay
                0x08002ec8       0x1a build/Drivers/STM32F3xx_HAL_Driver/Src/stm32f3xx_hal.o
                0x08002ec8                HAL_Delay
 *fill*         0x08002ee2        0x2 
 .text.HAL_NVIC_SetPriorityGrouping
                0x08002ee4       0x24 build/Drivers/STM32F3xx_HAL_Driver/Src/stm32f3xx_hal_cortex.o
                0x08002ee4                HAL_NVIC_SetPriorityGrouping
 .text.HAL_NVIC_SetPriority
                0x08002f08       0x64 build/Drivers/STM32F3xx_HAL_Driver/Src/stm32f3xx_hal_cortex.o
                0x08002f08                HAL_NVIC_SetPriority
 .text.HAL_NVIC_EnableIRQ
                0x08002f6c       0x18 build/Drivers/STM32F3xx_HAL_Driver/Src/stm32f3xx_hal_cortex.o
                0x08002f6c                HAL_NVIC_EnableIRQ
 .text.HAL_SYSTICK_Config
                0x08002f84       0x2c build/Drivers/STM32F3xx_HAL_Driver/Src/stm32f3xx_hal_cortex.o
                0x08002f84                HAL_SYSTICK_Config
 .text.HAL_GPIO_Init
                0x08002fb0      0x170 build/Drivers/STM32F3xx_HAL_Driver/Src/stm32f3xx_hal_gpio.o
                0x08002fb0                HAL_GPIO_Init
 .text.HAL_GPIO_ReadPin
                0x08003120        0xc build/Drivers/STM32F3xx_HAL_Driver/Src/stm32f3xx_hal_gpio.o
                0x08003120                HAL_GPIO_ReadPin
 .text.HAL_GPIO_WritePin
                0x0800312c        0xa build/Drivers/STM32F3xx_HAL_Driver/Src/stm32f3xx_hal_gpio.o
                0x0800312c                HAL_GPIO_WritePin
 .text.HAL_GPIO_TogglePin
                0x08003136        0x8 build/Drivers/STM32F3xx_HAL_Driver/Src/stm32f3xx_hal_gpio.o
                0x08003136                HAL_GPIO_TogglePin
 .text.HAL_PCD_Init
                0x0800313e       0x8c build/Drivers/STM32F3xx_HAL_Driver/Src/stm32f3xx_hal_pcd.o
                0x0800313e                HAL_PCD_Init
 .text.HAL_PCD_Start
                0x080031ca        0xc build/Drivers/STM32F3xx_HAL_Driver/Src/stm32f3xx_hal_pcd.o
                0x080031ca                HAL_PCD_Start
 .text.HAL_PCD_SetAddress
                0x080031d6       0x2c build/Drivers/STM32F3xx_HAL_Driver/Src/stm32f3xx_hal_pcd.o
                0x080031d6                HAL_PCD_SetAddress
 .text.HAL_PCD_EP_Open
                0x08003202      0x346 build/Drivers/STM32F3xx_HAL_Driver/Src/stm32f3xx_hal_pcd.o
                0x08003202                HAL_PCD_EP_Open
 .text.HAL_PCD_EP_Close
                0x08003548      0x1b6 build/Drivers/STM32F3xx_HAL_Driver/Src/stm32f3xx_hal_pcd.o
                0x08003548                HAL_PCD_EP_Close
 .text.HAL_PCD_EP_Receive
                0x080036fe       0xd0 build/Drivers/STM32F3xx_HAL_Driver/Src/stm32f3xx_hal_pcd.o
                0x080036fe                HAL_PCD_EP_Receive
 .text.HAL_PCD_EP_GetRxCount
                0x080037ce       0x10 build/Drivers/STM32F3xx_HAL_Driver/Src/stm32f3xx_hal_pcd.o
                0x080037ce                HAL_PCD_EP_GetRxCount
 .text.HAL_PCD_EP_Transmit
                0x080037de      0x158 build/Drivers/STM32F3xx_HAL_Driver/Src/stm32f3xx_hal_pcd.o
                0x080037de                HAL_PCD_EP_Transmit
 .text.HAL_PCD_IRQHandler
                0x08003936      0x462 build/Drivers/STM32F3xx_HAL_Driver/Src/stm32f3xx_hal_pcd.o
                0x08003936                HAL_PCD_IRQHandler
 .text.HAL_PCD_EP_SetStall
                0x08003d98       0xa2 build/Drivers/STM32F3xx_HAL_Driver/Src/stm32f3xx_hal_pcd.o
                0x08003d98                HAL_PCD_EP_SetStall
 .text.HAL_PCD_EP_ClrStall
                0x08003e3a       0xc8 build/Drivers/STM32F3xx_HAL_Driver/Src/stm32f3xx_hal_pcd.o
                0x08003e3a                HAL_PCD_EP_ClrStall
 .text.HAL_PCDEx_PMAConfig
                0x08003f02       0x34 build/Drivers/STM32F3xx_HAL_Driver/Src/stm32f3xx_hal_pcd_ex.o
                0x08003f02                HAL_PCDEx_PMAConfig
 .text.PCD_WritePMA
                0x08003f36       0x2e build/Drivers/STM32F3xx_HAL_Driver/Src/stm32f3xx_hal_pcd_ex.o
                0x08003f36                PCD_WritePMA
 .text.PCD_ReadPMA
                0x08003f64       0x22 build/Drivers/STM32F3xx_HAL_Driver/Src/stm32f3xx_hal_pcd_ex.o
                0x08003f64                PCD_ReadPMA
 .text.HAL_PCDEx_SetConnectionState
                0x08003f86        0x2 build/Drivers/STM32F3xx_HAL_Driver/Src/stm32f3xx_hal_pcd_ex.o
                0x08003f86                HAL_PCDEx_SetConnectionState
 .text.I2C_TransferConfig
                0x08003f88       0x24 build/Drivers/STM32F3xx_HAL_Driver/Src/stm32f3xx_hal_i2c.o
 .text.I2C_IsAcknowledgeFailed
                0x08003fac       0x90 build/Drivers/STM32F3xx_HAL_Driver/Src/stm32f3xx_hal_i2c.o
 .text.I2C_WaitOnFlagUntilTimeout
                0x0800403c       0x68 build/Drivers/STM32F3xx_HAL_Driver/Src/stm32f3xx_hal_i2c.o
 .text.I2C_WaitOnTXISFlagUntilTimeout
                0x080040a4       0x54 build/Drivers/STM32F3xx_HAL_Driver/Src/stm32f3xx_hal_i2c.o
 .text.I2C_RequestMemoryWrite
                0x080040f8       0x66 build/Drivers/STM32F3xx_HAL_Driver/Src/stm32f3xx_hal_i2c.o
 .text.I2C_RequestMemoryRead
                0x0800415e       0x64 build/Drivers/STM32F3xx_HAL_Driver/Src/stm32f3xx_hal_i2c.o
 .text.I2C_WaitOnSTOPFlagUntilTimeout
                0x080041c2       0x50 build/Drivers/STM32F3xx_HAL_Driver/Src/stm32f3xx_hal_i2c.o
 .text.HAL_I2C_MspInit
                0x08004212        0x2 build/Drivers/STM32F3xx_HAL_Driver/Src/stm32f3xx_hal_i2c.o
                0x08004212                HAL_I2C_MspInit
 .text.HAL_I2C_Init
                0x08004214       0x90 build/Drivers/STM32F3xx_HAL_Driver/Src/stm32f3xx_hal_i2c.o
                0x08004214                HAL_I2C_Init
 .text.HAL_I2C_MspDeInit
                0x080042a4        0x2 build/Drivers/STM32F3xx_HAL_Driver/Src/stm32f3xx_hal_i2c.o
                0x080042a4                HAL_I2C_MspDeInit
 .text.HAL_I2C_DeInit
                0x080042a6       0x2e build/Drivers/STM32F3xx_HAL_Driver/Src/stm32f3xx_hal_i2c.o
                0x080042a6                HAL_I2C_DeInit
 .text.HAL_I2C_Mem_Write
                0x080042d4       0xfc build/Drivers/STM32F3xx_HAL_Driver/Src/stm32f3xx_hal_i2c.o
                0x080042d4                HAL_I2C_Mem_Write
 .text.HAL_I2C_Mem_Read
                0x080043d0      0x108 build/Drivers/STM32F3xx_HAL_Driver/Src/stm32f3xx_hal_i2c.o
                0x080043d0                HAL_I2C_Mem_Read
 .text.HAL_I2C_GetState
                0x080044d8        0x6 build/Drivers/STM32F3xx_HAL_Driver/Src/stm32f3xx_hal_i2c.o
                0x080044d8                HAL_I2C_GetState
 .text.SPI_WaitFlagStateUntilTimeout
                0x080044de       0x8a build/Drivers/STM32F3xx_HAL_Driver/Src/stm32f3xx_hal_spi.o
 .text.SPI_WaitFifoStateUntilTimeout
                0x08004568       0x9a build/Drivers/STM32F3xx_HAL_Driver/Src/stm32f3xx_hal_spi.o
 .text.SPI_EndRxTxTransaction
                0x08004602       0x42 build/Drivers/STM32F3xx_HAL_Driver/Src/stm32f3xx_hal_spi.o
 .text.HAL_SPI_MspInit
                0x08004644        0x2 build/Drivers/STM32F3xx_HAL_Driver/Src/stm32f3xx_hal_spi.o
                0x08004644                HAL_SPI_MspInit
 .text.HAL_SPI_Init
                0x08004646       0xa4 build/Drivers/STM32F3xx_HAL_Driver/Src/stm32f3xx_hal_spi.o
                0x08004646                HAL_SPI_Init
 .text.HAL_SPI_MspDeInit
                0x080046ea        0x2 build/Drivers/STM32F3xx_HAL_Driver/Src/stm32f3xx_hal_spi.o
                0x080046ea                HAL_SPI_MspDeInit
 .text.HAL_SPI_DeInit
                0x080046ec       0x2e build/Drivers/STM32F3xx_HAL_Driver/Src/stm32f3xx_hal_spi.o
                0x080046ec                HAL_SPI_DeInit
 .text.HAL_SPI_TransmitReceive
                0x0800471a      0x284 build/Drivers/STM32F3xx_HAL_Driver/Src/stm32f3xx_hal_spi.o
                0x0800471a                HAL_SPI_TransmitReceive
 .text.HAL_SPI_GetState
                0x0800499e        0x6 build/Drivers/STM32F3xx_HAL_Driver/Src/stm32f3xx_hal_spi.o
                0x0800499e                HAL_SPI_GetState
 .text.HAL_TIM_Base_MspInit
                0x080049a4        0x2 build/Drivers/STM32F3xx_HAL_Driver/Src/stm32f3xx_hal_tim.o
                0x080049a4                HAL_TIM_Base_MspInit
 .text.HAL_TIM_Base_Start
                0x080049a6       0x1a build/Drivers/STM32F3xx_HAL_Driver/Src/stm32f3xx_hal_tim.o
                0x080049a6                HAL_TIM_Base_Start
 .text.TIM_Base_SetConfig
                0x080049c0       0xb4 build/Drivers/STM32F3xx_HAL_Driver/Src/stm32f3xx_hal_tim.o
                0x080049c0                TIM_Base_SetConfig
 .text.HAL_TIM_Base_Init
                0x08004a74       0x2c build/Drivers/STM32F3xx_HAL_Driver/Src/stm32f3xx_hal_tim.o
                0x08004a74                HAL_TIM_Base_Init
 .text.TIM_OC1_SetConfig
                0x08004aa0       0x98 build/Drivers/STM32F3xx_HAL_Driver/Src/stm32f3xx_hal_tim.o
                0x08004aa0                TIM_OC1_SetConfig
 .text.TIM_OC2_SetConfig
                0x08004b38       0x8c build/Drivers/STM32F3xx_HAL_Driver/Src/stm32f3xx_hal_tim.o
                0x08004b38                TIM_OC2_SetConfig
 .text.TIM_OC3_SetConfig
                0x08004bc4       0x8c build/Drivers/STM32F3xx_HAL_Driver/Src/stm32f3xx_hal_tim.o
                0x08004bc4                TIM_OC3_SetConfig
 .text.TIM_OC4_SetConfig
                0x08004c50       0x68 build/Drivers/STM32F3xx_HAL_Driver/Src/stm32f3xx_hal_tim.o
                0x08004c50                TIM_OC4_SetConfig
 .text.HAL_TIM_PWM_ConfigChannel
                0x08004cb8       0xc6 build/Drivers/STM32F3xx_HAL_Driver/Src/stm32f3xx_hal_tim.o
                0x08004cb8                HAL_TIM_PWM_ConfigChannel
 .text.TIM_CCxChannelCmd
                0x08004d7e       0x18 build/Drivers/STM32F3xx_HAL_Driver/Src/stm32f3xx_hal_tim.o
                0x08004d7e                TIM_CCxChannelCmd
 *fill*         0x08004d96        0x2 
 .text.HAL_TIM_PWM_Start
                0x08004d98       0x4c build/Drivers/STM32F3xx_HAL_Driver/Src/stm32f3xx_hal_tim.o
                0x08004d98                HAL_TIM_PWM_Start
 .text.USBD_Init
                0x08004de4       0x2a build/Drivers/STM32_USB_Device_Library/Core/Src/usbd_core.o
                0x08004de4                USBD_Init
 .text.USBD_RegisterClass
                0x08004e0e        0xe build/Drivers/STM32_USB_Device_Library/Core/Src/usbd_core.o
                0x08004e0e                USBD_RegisterClass
 .text.USBD_Start
                0x08004e1c        0xa build/Drivers/STM32_USB_Device_Library/Core/Src/usbd_core.o
                0x08004e1c                USBD_Start
 .text.USBD_SetClassConfig
                0x08004e26       0x16 build/Drivers/STM32_USB_Device_Library/Core/Src/usbd_core.o
                0x08004e26                USBD_SetClassConfig
 .text.USBD_ClrClassConfig
                0x08004e3c        0xe build/Drivers/STM32_USB_Device_Library/Core/Src/usbd_core.o
                0x08004e3c                USBD_ClrClassConfig
 .text.USBD_LL_SetupStage
                0x08004e4a       0x5a build/Drivers/STM32_USB_Device_Library/Core/Src/usbd_core.o
                0x08004e4a                USBD_LL_SetupStage
 .text.USBD_LL_DataOutStage
                0x08004ea4       0x60 build/Drivers/STM32_USB_Device_Library/Core/Src/usbd_core.o
                0x08004ea4                USBD_LL_DataOutStage
 .text.USBD_LL_DataInStage
                0x08004f04       0x8a build/Drivers/STM32_USB_Device_Library/Core/Src/usbd_core.o
                0x08004f04                USBD_LL_DataInStage
 .text.USBD_LL_Reset
                0x08004f8e       0x3e build/Drivers/STM32_USB_Device_Library/Core/Src/usbd_core.o
                0x08004f8e                USBD_LL_Reset
 .text.USBD_LL_SetSpeed
                0x08004fcc        0x6 build/Drivers/STM32_USB_Device_Library/Core/Src/usbd_core.o
                0x08004fcc                USBD_LL_SetSpeed
 .text.USBD_LL_SOF
                0x08004fd2       0x18 build/Drivers/STM32_USB_Device_Library/Core/Src/usbd_core.o
                0x08004fd2                USBD_LL_SOF
 .text.USBD_ParseSetupRequest
                0x08004fea       0x28 build/Drivers/STM32_USB_Device_Library/Core/Src/usbd_ctlreq.o
                0x08004fea                USBD_ParseSetupRequest
 .text.USBD_CtlError
                0x08005012       0x16 build/Drivers/STM32_USB_Device_Library/Core/Src/usbd_ctlreq.o
                0x08005012                USBD_CtlError
 .text.USBD_StdDevReq
                0x08005028      0x218 build/Drivers/STM32_USB_Device_Library/Core/Src/usbd_ctlreq.o
                0x08005028                USBD_StdDevReq
 .text.USBD_StdItfReq
                0x08005240       0x30 build/Drivers/STM32_USB_Device_Library/Core/Src/usbd_ctlreq.o
                0x08005240                USBD_StdItfReq
 .text.USBD_StdEPReq
                0x08005270       0xb4 build/Drivers/STM32_USB_Device_Library/Core/Src/usbd_ctlreq.o
                0x08005270                USBD_StdEPReq
 .text.USBD_GetString
                0x08005324       0x3c build/Drivers/STM32_USB_Device_Library/Core/Src/usbd_ctlreq.o
                0x08005324                USBD_GetString
 .text.USBD_CtlSendData
                0x08005360       0x1c build/Drivers/STM32_USB_Device_Library/Core/Src/usbd_ioreq.o
                0x08005360                USBD_CtlSendData
 .text.USBD_CtlContinueSendData
                0x0800537c       0x12 build/Drivers/STM32_USB_Device_Library/Core/Src/usbd_ioreq.o
                0x0800537c                USBD_CtlContinueSendData
 .text.USBD_CtlPrepareRx
                0x0800538e       0x20 build/Drivers/STM32_USB_Device_Library/Core/Src/usbd_ioreq.o
                0x0800538e                USBD_CtlPrepareRx
 .text.USBD_CtlContinueRx
                0x080053ae       0x12 build/Drivers/STM32_USB_Device_Library/Core/Src/usbd_ioreq.o
                0x080053ae                USBD_CtlContinueRx
 .text.USBD_CtlSendStatus
                0x080053c0       0x16 build/Drivers/STM32_USB_Device_Library/Core/Src/usbd_ioreq.o
                0x080053c0                USBD_CtlSendStatus
 .text.USBD_CtlReceiveStatus
                0x080053d6       0x16 build/Drivers/STM32_USB_Device_Library/Core/Src/usbd_ioreq.o
                0x080053d6                USBD_CtlReceiveStatus
 .text.USBD_CDC_DataIn
                0x080053ec       0x12 build/Drivers/STM32_USB_Device_Library/Class/CDC/Src/usbd_cdc.o
 .text.USBD_CDC_EP0_RxReady
                0x080053fe       0x28 build/Drivers/STM32_USB_Device_Library/Class/CDC/Src/usbd_cdc.o
 *fill*         0x08005426        0x2 
 .text.USBD_CDC_GetFSCfgDesc
                0x08005428        0xc build/Drivers/STM32_USB_Device_Library/Class/CDC/Src/usbd_cdc.o
 .text.USBD_CDC_GetHSCfgDesc
                0x08005434        0xc build/Drivers/STM32_USB_Device_Library/Class/CDC/Src/usbd_cdc.o
 .text.USBD_CDC_GetOtherSpeedCfgDesc
                0x08005440        0xc build/Drivers/STM32_USB_Device_Library/Class/CDC/Src/usbd_cdc.o
 .text.USBD_CDC_GetDeviceQualifierDescriptor
                0x0800544c        0xc build/Drivers/STM32_USB_Device_Library/Class/CDC/Src/usbd_cdc.o
                0x0800544c                USBD_CDC_GetDeviceQualifierDescriptor
 .text.USBD_CDC_DataOut
                0x08005458       0x2e build/Drivers/STM32_USB_Device_Library/Class/CDC/Src/usbd_cdc.o
 .text.USBD_CDC_Setup
                0x08005486       0x5a build/Drivers/STM32_USB_Device_Library/Class/CDC/Src/usbd_cdc.o
 .text.USBD_CDC_DeInit
                0x080054e0       0x3a build/Drivers/STM32_USB_Device_Library/Class/CDC/Src/usbd_cdc.o
 .text.USBD_CDC_Init
                0x0800551a       0x86 build/Drivers/STM32_USB_Device_Library/Class/CDC/Src/usbd_cdc.o
 .text.USBD_CDC_RegisterInterface
                0x080055a0        0xe build/Drivers/STM32_USB_Device_Library/Class/CDC/Src/usbd_cdc.o
                0x080055a0                USBD_CDC_RegisterInterface
 .text.USBD_CDC_SetTxBuffer
                0x080055ae       0x10 build/Drivers/STM32_USB_Device_Library/Class/CDC/Src/usbd_cdc.o
                0x080055ae                USBD_CDC_SetTxBuffer
 .text.USBD_CDC_SetRxBuffer
                0x080055be        0xc build/Drivers/STM32_USB_Device_Library/Class/CDC/Src/usbd_cdc.o
                0x080055be                USBD_CDC_SetRxBuffer
 .text.USBD_CDC_TransmitPacket
                0x080055ca       0x2e build/Drivers/STM32_USB_Device_Library/Class/CDC/Src/usbd_cdc.o
                0x080055ca                USBD_CDC_TransmitPacket
 .text.USBD_CDC_ReceivePacket
                0x080055f8       0x26 build/Drivers/STM32_USB_Device_Library/Class/CDC/Src/usbd_cdc.o
                0x080055f8                USBD_CDC_ReceivePacket
 *fill*         0x0800561e        0x2 
 .text.HAL_PCD_MspInit
                0x08005620       0x9c build/usbd_conf.o
                0x08005620                HAL_PCD_MspInit
 .text.HAL_PCD_SetupStageCallback
                0x080056bc        0xe build/usbd_conf.o
                0x080056bc                HAL_PCD_SetupStageCallback
 .text.HAL_PCD_DataOutStageCallback
                0x080056ca       0x12 build/usbd_conf.o
                0x080056ca                HAL_PCD_DataOutStageCallback
 .text.HAL_PCD_DataInStageCallback
                0x080056dc       0x10 build/usbd_conf.o
                0x080056dc                HAL_PCD_DataInStageCallback
 .text.HAL_PCD_SOFCallback
                0x080056ec        0x8 build/usbd_conf.o
                0x080056ec                HAL_PCD_SOFCallback
 .text.HAL_PCD_ResetCallback
                0x080056f4       0x1a build/usbd_conf.o
                0x080056f4                HAL_PCD_ResetCallback
 .text.HAL_PCD_SuspendCallback
                0x0800570e        0x2 build/usbd_conf.o
                0x0800570e                HAL_PCD_SuspendCallback
 .text.HAL_PCD_ResumeCallback
                0x08005710        0x2 build/usbd_conf.o
                0x08005710                HAL_PCD_ResumeCallback
 *fill*         0x08005712        0x2 
 .text.USBD_LL_Init
                0x08005714       0x7c build/usbd_conf.o
                0x08005714                USBD_LL_Init
 .text.USBD_LL_Start
                0x08005790        0xe build/usbd_conf.o
                0x08005790                USBD_LL_Start
 .text.USBD_LL_OpenEP
                0x0800579e       0x14 build/usbd_conf.o
                0x0800579e                USBD_LL_OpenEP
 .text.USBD_LL_CloseEP
                0x080057b2        0xe build/usbd_conf.o
                0x080057b2                USBD_LL_CloseEP
 .text.USBD_LL_StallEP
                0x080057c0        0xe build/usbd_conf.o
                0x080057c0                USBD_LL_StallEP
 .text.USBD_LL_ClearStallEP
                0x080057ce        0xe build/usbd_conf.o
                0x080057ce                USBD_LL_ClearStallEP
 .text.USBD_LL_IsStallEP
                0x080057dc       0x26 build/usbd_conf.o
                0x080057dc                USBD_LL_IsStallEP
 .text.USBD_LL_SetUSBAddress
                0x08005802        0xe build/usbd_conf.o
                0x08005802                USBD_LL_SetUSBAddress
 .text.USBD_LL_Transmit
                0x08005810        0xe build/usbd_conf.o
                0x08005810                USBD_LL_Transmit
 .text.USBD_LL_PrepareReceive
                0x0800581e        0xe build/usbd_conf.o
                0x0800581e                USBD_LL_PrepareReceive
 .text.USBD_LL_GetRxDataSize
                0x0800582c        0xc build/usbd_conf.o
                0x0800582c                USBD_LL_GetRxDataSize
 .text.USBD_static_malloc
                0x08005838        0x8 build/usbd_conf.o
                0x08005838                USBD_static_malloc
 .text.USBD_static_free
                0x08005840        0x2 build/usbd_conf.o
                0x08005840                USBD_static_free
 *fill*         0x08005842        0x2 
 .text.USBD_VCP_DeviceDescriptor
                0x08005844        0xc build/usbd_desc.o
                0x08005844                USBD_VCP_DeviceDescriptor
 .text.USBD_VCP_LangIDStrDescriptor
                0x08005850        0xc build/usbd_desc.o
                0x08005850                USBD_VCP_LangIDStrDescriptor
 .text.IntToUnicode
                0x0800585c       0x28 build/usbd_desc.o
 .text.USBD_VCP_SerialStrDescriptor
                0x08005884       0x3c build/usbd_desc.o
                0x08005884                USBD_VCP_SerialStrDescriptor
 .text.USBD_VCP_ProductStrDescriptor
                0x080058c0       0x1c build/usbd_desc.o
                0x080058c0                USBD_VCP_ProductStrDescriptor
 .text.USBD_VCP_ManufacturerStrDescriptor
                0x080058dc       0x1c build/usbd_desc.o
                0x080058dc                USBD_VCP_ManufacturerStrDescriptor
 .text.USBD_VCP_ConfigStrDescriptor
                0x080058f8       0x1c build/usbd_desc.o
                0x080058f8                USBD_VCP_ConfigStrDescriptor
 .text.USBD_VCP_InterfaceStrDescriptor
                0x08005914       0x1c build/usbd_desc.o
                0x08005914                USBD_VCP_InterfaceStrDescriptor
 .text.CDC_Itf_DeInit
                0x08005930        0x4 build/usbd_cdc_interface.o
 .text.CDC_Itf_Receive
                0x08005934       0x20 build/usbd_cdc_interface.o
 .text.CDC_Itf_Init
                0x08005954       0x18 build/usbd_cdc_interface.o
 .text.CDC_Itf_Control
                0x0800596c       0x58 build/usbd_cdc_interface.o
 .text.SPIx_Init
                0x080059c4       0x80 build/Drivers/BSP/STM32F3-Discovery/stm32f3_discovery.o
 .text.SPIx_WriteRead
                0x08005a44       0x40 build/Drivers/BSP/STM32F3-Discovery/stm32f3_discovery.o
 .text.I2Cx_Init
                0x08005a84       0x6c build/Drivers/BSP/STM32F3-Discovery/stm32f3_discovery.o
 .text.BSP_LED_Init
                0x08005af0       0x68 build/Drivers/BSP/STM32F3-Discovery/stm32f3_discovery.o
                0x08005af0                BSP_LED_Init
 .text.BSP_LED_On
                0x08005b58       0x1c build/Drivers/BSP/STM32F3-Discovery/stm32f3_discovery.o
                0x08005b58                BSP_LED_On
 .text.BSP_LED_Off
                0x08005b74       0x1c build/Drivers/BSP/STM32F3-Discovery/stm32f3_discovery.o
                0x08005b74                BSP_LED_Off
 .text.BSP_LED_Toggle
                0x08005b90       0x1c build/Drivers/BSP/STM32F3-Discovery/stm32f3_discovery.o
                0x08005b90                BSP_LED_Toggle
 .text.BSP_PB_Init
                0x08005bac       0x74 build/Drivers/BSP/STM32F3-Discovery/stm32f3_discovery.o
                0x08005bac                BSP_PB_Init
 .text.BSP_PB_GetState
                0x08005c20       0x14 build/Drivers/BSP/STM32F3-Discovery/stm32f3_discovery.o
                0x08005c20                BSP_PB_GetState
 .text.GYRO_IO_Init
                0x08005c34       0x68 build/Drivers/BSP/STM32F3-Discovery/stm32f3_discovery.o
                0x08005c34                GYRO_IO_Init
 .text.GYRO_IO_Write
                0x08005c9c       0x44 build/Drivers/BSP/STM32F3-Discovery/stm32f3_discovery.o
                0x08005c9c                GYRO_IO_Write
 .text.GYRO_IO_Read
                0x08005ce0       0x48 build/Drivers/BSP/STM32F3-Discovery/stm32f3_discovery.o
                0x08005ce0                GYRO_IO_Read
 .text.COMPASSACCELERO_IO_Init
                0x08005d28       0x64 build/Drivers/BSP/STM32F3-Discovery/stm32f3_discovery.o
                0x08005d28                COMPASSACCELERO_IO_Init
 .text.COMPASSACCELERO_IO_ITConfig
                0x08005d8c       0x48 build/Drivers/BSP/STM32F3-Discovery/stm32f3_discovery.o
                0x08005d8c                COMPASSACCELERO_IO_ITConfig
 .text.COMPASSACCELERO_IO_Write
                0x08005dd4       0x3c build/Drivers/BSP/STM32F3-Discovery/stm32f3_discovery.o
                0x08005dd4                COMPASSACCELERO_IO_Write
 .text.COMPASSACCELERO_IO_Read
                0x08005e10       0x40 build/Drivers/BSP/STM32F3-Discovery/stm32f3_discovery.o
                0x08005e10                COMPASSACCELERO_IO_Read
 .text.BSP_ACCELERO_Init
                0x08005e50       0x30 build/Drivers/BSP/STM32F3-Discovery/stm32f3_discovery_accelerometer.o
                0x08005e50                BSP_ACCELERO_Init
 .text.BSP_ACCELERO_GetXYZ
                0x08005e80       0x14 build/Drivers/BSP/STM32F3-Discovery/stm32f3_discovery_accelerometer.o
                0x08005e80                BSP_ACCELERO_GetXYZ
 .text.BSP_GYRO_Init
                0x08005e94       0x44 build/Drivers/BSP/STM32F3-Discovery/stm32f3_discovery_gyroscope.o
                0x08005e94                BSP_GYRO_Init
 .text.BSP_GYRO_GetXYZ
                0x08005ed8       0x14 build/Drivers/BSP/STM32F3-Discovery/stm32f3_discovery_gyroscope.o
                0x08005ed8                BSP_GYRO_GetXYZ
 .text.LSM303DLHC_AccInit
                0x08005eec       0x20 build/Drivers/BSP/Components/lsm303dlhc/lsm303dlhc.o
                0x08005eec                LSM303DLHC_AccInit
 .text.LSM303DLHC_AccReadID
                0x08005f0c       0x12 build/Drivers/BSP/Components/lsm303dlhc/lsm303dlhc.o
                0x08005f0c                LSM303DLHC_AccReadID
 .text.LSM303DLHC_AccRebootCmd
                0x08005f1e       0x1c build/Drivers/BSP/Components/lsm303dlhc/lsm303dlhc.o
                0x08005f1e                LSM303DLHC_AccRebootCmd
 .text.LSM303DLHC_AccFilterConfig
                0x08005f3a       0x1e build/Drivers/BSP/Components/lsm303dlhc/lsm303dlhc.o
                0x08005f3a                LSM303DLHC_AccFilterConfig
 .text.LSM303DLHC_AccFilterCmd
                0x08005f58       0x1e build/Drivers/BSP/Components/lsm303dlhc/lsm303dlhc.o
                0x08005f58                LSM303DLHC_AccFilterCmd
 .text.LSM303DLHC_AccReadXYZ
                0x08005f76       0xee build/Drivers/BSP/Components/lsm303dlhc/lsm303dlhc.o
                0x08005f76                LSM303DLHC_AccReadXYZ
 .text.LSM303DLHC_AccFilterClickCmd
                0x08006064       0x1e build/Drivers/BSP/Components/lsm303dlhc/lsm303dlhc.o
                0x08006064                LSM303DLHC_AccFilterClickCmd
 .text.LSM303DLHC_AccIT1Enable
                0x08006082       0x1e build/Drivers/BSP/Components/lsm303dlhc/lsm303dlhc.o
                0x08006082                LSM303DLHC_AccIT1Enable
 .text.LSM303DLHC_AccClickITEnable
                0x080060a0       0x46 build/Drivers/BSP/Components/lsm303dlhc/lsm303dlhc.o
                0x080060a0                LSM303DLHC_AccClickITEnable
 .text.LSM303DLHC_AccZClickITConfig
                0x080060e6       0x1c build/Drivers/BSP/Components/lsm303dlhc/lsm303dlhc.o
                0x080060e6                LSM303DLHC_AccZClickITConfig
 .text.L3GD20_Init
                0x08006102       0x32 build/Drivers/BSP/Components/l3gd20/l3gd20.o
                0x08006102                L3GD20_Init
 .text.L3GD20_ReadID
                0x08006134       0x1c build/Drivers/BSP/Components/l3gd20/l3gd20.o
                0x08006134                L3GD20_ReadID
 .text.L3GD20_RebootCmd
                0x08006150       0x2c build/Drivers/BSP/Components/l3gd20/l3gd20.o
                0x08006150                L3GD20_RebootCmd
 .text.L3GD20_INT1InterruptConfig
                0x0800617c       0x5c build/Drivers/BSP/Components/l3gd20/l3gd20.o
                0x0800617c                L3GD20_INT1InterruptConfig
 .text.L3GD20_EnableIT
                0x080061d8       0x40 build/Drivers/BSP/Components/l3gd20/l3gd20.o
                0x080061d8                L3GD20_EnableIT
 .text.L3GD20_DisableIT
                0x08006218       0x3c build/Drivers/BSP/Components/l3gd20/l3gd20.o
                0x08006218                L3GD20_DisableIT
 .text.L3GD20_FilterConfig
                0x08006254       0x2e build/Drivers/BSP/Components/l3gd20/l3gd20.o
                0x08006254                L3GD20_FilterConfig
 .text.L3GD20_FilterCmd
                0x08006282       0x2e build/Drivers/BSP/Components/l3gd20/l3gd20.o
                0x08006282                L3GD20_FilterCmd
 .text.L3GD20_ReadXYZAngRate
                0x080062b0       0xdc build/Drivers/BSP/Components/l3gd20/l3gd20.o
                0x080062b0                L3GD20_ReadXYZAngRate
 .text.Reset_Handler
                0x0800638c       0x50 build/Drivers/CMSIS/Device/ST/STM32F3xx/Source/Templates/gcc/startup_stm32f303xc.o
                0x0800638c                Reset_Handler
 .text.Default_Handler
                0x080063dc        0x2 build/Drivers/CMSIS/Device/ST/STM32F3xx/Source/Templates/gcc/startup_stm32f303xc.o
                0x080063dc                RTC_Alarm_IRQHandler
                0x080063dc                TIM8_TRG_COM_IRQHandler
                0x080063dc                TIM8_CC_IRQHandler
                0x080063dc                DebugMon_Handler
                0x080063dc                TIM1_CC_IRQHandler
                0x080063dc                HardFault_Handler
                0x080063dc                USB_HP_IRQHandler
                0x080063dc                PVD_IRQHandler
                0x080063dc                TAMP_STAMP_IRQHandler
                0x080063dc                PendSV_Handler
                0x080063dc                NMI_Handler
                0x080063dc                EXTI3_IRQHandler
                0x080063dc                USB_HP_CAN_TX_IRQHandler
                0x080063dc                EXTI0_IRQHandler
                0x080063dc                I2C2_EV_IRQHandler
                0x080063dc                FPU_IRQHandler
                0x080063dc                TIM1_UP_TIM16_IRQHandler
                0x080063dc                UsageFault_Handler
                0x080063dc                ADC1_2_IRQHandler
                0x080063dc                SPI1_IRQHandler
                0x080063dc                CAN_SCE_IRQHandler
                0x080063dc                TIM6_DAC_IRQHandler
                0x080063dc                TIM8_UP_IRQHandler
                0x080063dc                DMA2_Channel2_IRQHandler
                0x080063dc                DMA1_Channel4_IRQHandler
                0x080063dc                USART3_IRQHandler
                0x080063dc                DMA1_Channel7_IRQHandler
                0x080063dc                UART5_IRQHandler
                0x080063dc                ADC3_IRQHandler
                0x080063dc                TIM4_IRQHandler
                0x080063dc                CAN_RX1_IRQHandler
                0x080063dc                DMA2_Channel1_IRQHandler
                0x080063dc                I2C1_EV_IRQHandler
                0x080063dc                DMA1_Channel6_IRQHandler
                0x080063dc                UART4_IRQHandler
                0x080063dc                DMA2_Channel4_IRQHandler
                0x080063dc                TIM3_IRQHandler
                0x080063dc                RCC_IRQHandler
                0x080063dc                DMA1_Channel1_IRQHandler
                0x080063dc                Default_Handler
                0x080063dc                USBWakeUp_RMP_IRQHandler
                0x080063dc                EXTI15_10_IRQHandler
                0x080063dc                TIM7_IRQHandler
                0x080063dc                EXTI9_5_IRQHandler
                0x080063dc                RTC_WKUP_IRQHandler
                0x080063dc                SPI2_IRQHandler
                0x080063dc                MemManage_Handler
                0x080063dc                SVC_Handler
                0x080063dc                DMA2_Channel5_IRQHandler
                0x080063dc                DMA1_Channel5_IRQHandler
                0x080063dc                USB_LP_IRQHandler
                0x080063dc                EXTI4_IRQHandler
                0x080063dc                TIM1_TRG_COM_TIM17_IRQHandler
                0x080063dc                DMA1_Channel3_IRQHandler
                0x080063dc                ADC4_IRQHandler
                0x080063dc                WWDG_IRQHandler
                0x080063dc                TIM2_IRQHandler
                0x080063dc                COMP7_IRQHandler
                0x080063dc                COMP1_2_3_IRQHandler
                0x080063dc                EXTI1_IRQHandler
                0x080063dc                USART2_IRQHandler
                0x080063dc                COMP4_5_6_IRQHandler
                0x080063dc                I2C2_ER_IRQHandler
                0x080063dc                DMA1_Channel2_IRQHandler
                0x080063dc                TIM8_BRK_IRQHandler
                0x080063dc                FLASH_IRQHandler
                0x080063dc                BusFault_Handler
                0x080063dc                USART1_IRQHandler
                0x080063dc                SPI3_IRQHandler
                0x080063dc                I2C1_ER_IRQHandler
                0x080063dc                USBWakeUp_IRQHandler
                0x080063dc                DMA2_Channel3_IRQHandler
                0x080063dc                EXTI2_TSC_IRQHandler
                0x080063dc                TIM1_BRK_TIM15_IRQHandler
 *fill*         0x080063de        0x2 
 .text.atexit   0x080063e0        0xc /usr/lib/gcc/arm-none-eabi/4.8.2/../../../arm-none-eabi/lib/armv7e-m/fpu/libg.a(lib_a-atexit.o)
                0x080063e0                atexit
 .text.__errno  0x080063ec        0xc /usr/lib/gcc/arm-none-eabi/4.8.2/../../../arm-none-eabi/lib/armv7e-m/fpu/libg.a(lib_a-errno.o)
                0x080063ec                __errno
 .text.__libc_fini_array
                0x080063f8       0x34 /usr/lib/gcc/arm-none-eabi/4.8.2/../../../arm-none-eabi/lib/armv7e-m/fpu/libg.a(lib_a-fini.o)
                0x080063f8                __libc_fini_array
 .text.__libc_init_array
                0x0800642c       0x5c /usr/lib/gcc/arm-none-eabi/4.8.2/../../../arm-none-eabi/lib/armv7e-m/fpu/libg.a(lib_a-init.o)
                0x0800642c                __libc_init_array
 .text.memset   0x08006488       0x94 /usr/lib/gcc/arm-none-eabi/4.8.2/../../../arm-none-eabi/lib/armv7e-m/fpu/libg.a(lib_a-memset.o)
                0x08006488                memset
 .text.printf   0x0800651c       0x28 /usr/lib/gcc/arm-none-eabi/4.8.2/../../../arm-none-eabi/lib/armv7e-m/fpu/libg.a(lib_a-printf.o)
                0x0800651c                printf
 .text.putchar  0x08006544       0x14 /usr/lib/gcc/arm-none-eabi/4.8.2/../../../arm-none-eabi/lib/armv7e-m/fpu/libg.a(lib_a-putchar.o)
                0x08006544                putchar
 .text._puts_r  0x08006558       0x64 /usr/lib/gcc/arm-none-eabi/4.8.2/../../../arm-none-eabi/lib/armv7e-m/fpu/libg.a(lib_a-puts.o)
                0x08006558                _puts_r
 .text.puts     0x080065bc       0x10 /usr/lib/gcc/arm-none-eabi/4.8.2/../../../arm-none-eabi/lib/armv7e-m/fpu/libg.a(lib_a-puts.o)
                0x080065bc                puts
 .text.setvbuf  0x080065cc      0x114 /usr/lib/gcc/arm-none-eabi/4.8.2/../../../arm-none-eabi/lib/armv7e-m/fpu/libg.a(lib_a-setvbuf.o)
                0x080065cc                setvbuf
 .text.strcasecmp
                0x080066e0       0x48 /usr/lib/gcc/arm-none-eabi/4.8.2/../../../arm-none-eabi/lib/armv7e-m/fpu/libg.a(lib_a-strcasecmp.o)
                0x080066e0                strcasecmp
 .text.strcpy   0x08006728       0xbc /usr/lib/gcc/arm-none-eabi/4.8.2/../../../arm-none-eabi/lib/armv7e-m/fpu/libg.a(lib_a-strcpy.o)
                0x08006728                strcpy
 .text.strlen   0x080067e4       0x60 /usr/lib/gcc/arm-none-eabi/4.8.2/../../../arm-none-eabi/lib/armv7e-m/fpu/libg.a(lib_a-strlen.o)
                0x080067e4                strlen
 .text.strtok   0x08006844       0x14 /usr/lib/gcc/arm-none-eabi/4.8.2/../../../arm-none-eabi/lib/armv7e-m/fpu/libg.a(lib_a-strtok.o)
                0x08006844                strtok
 .text.__strtok_r
                0x08006858       0x64 /usr/lib/gcc/arm-none-eabi/4.8.2/../../../arm-none-eabi/lib/armv7e-m/fpu/libg.a(lib_a-strtok_r.o)
                0x08006858                __strtok_r
 .text._strtol_r
                0x080068bc      0x124 /usr/lib/gcc/arm-none-eabi/4.8.2/../../../arm-none-eabi/lib/armv7e-m/fpu/libg.a(lib_a-strtol.o)
                0x080068bc                _strtol_r
 .text.strtol   0x080069e0       0x1c /usr/lib/gcc/arm-none-eabi/4.8.2/../../../arm-none-eabi/lib/armv7e-m/fpu/libg.a(lib_a-strtol.o)
                0x080069e0                strtol
 .text._strtoul_r
                0x080069fc      0x138 /usr/lib/gcc/arm-none-eabi/4.8.2/../../../arm-none-eabi/lib/armv7e-m/fpu/libg.a(lib_a-strtoul.o)
                0x080069fc                _strtoul_r
 .text.strtoul  0x08006b34       0x1c /usr/lib/gcc/arm-none-eabi/4.8.2/../../../arm-none-eabi/lib/armv7e-m/fpu/libg.a(lib_a-strtoul.o)
                0x08006b34                strtoul
 .text._vfprintf_r
                0x08006b50     0x1544 /usr/lib/gcc/arm-none-eabi/4.8.2/../../../arm-none-eabi/lib/armv7e-m/fpu/libg.a(lib_a-vfprintf.o)
                0x08006b50                _vfprintf_r
 .text.__sbprintf
                0x08008094       0x78 /usr/lib/gcc/arm-none-eabi/4.8.2/../../../arm-none-eabi/lib/armv7e-m/fpu/libg.a(lib_a-vfprintf.o)
 .text.__swsetup_r
                0x0800810c       0xc8 /usr/lib/gcc/arm-none-eabi/4.8.2/../../../arm-none-eabi/lib/armv7e-m/fpu/libg.a(lib_a-wsetup.o)
                0x0800810c                __swsetup_r
 .text.__register_exitproc
                0x080081d4       0xac /usr/lib/gcc/arm-none-eabi/4.8.2/../../../arm-none-eabi/lib/armv7e-m/fpu/libg.a(lib_a-__atexit.o)
                0x080081d4                __register_exitproc
 .text.startup.register_fini
                0x08008280       0x18 /usr/lib/gcc/arm-none-eabi/4.8.2/../../../arm-none-eabi/lib/armv7e-m/fpu/libg.a(lib_a-__call_atexit.o)
 .text.quorem   0x08008298      0x12c /usr/lib/gcc/arm-none-eabi/4.8.2/../../../arm-none-eabi/lib/armv7e-m/fpu/libg.a(lib_a-dtoa.o)
 *fill*         0x080083c4        0x4 
 .text._dtoa_r  0x080083c8      0xf50 /usr/lib/gcc/arm-none-eabi/4.8.2/../../../arm-none-eabi/lib/armv7e-m/fpu/libg.a(lib_a-dtoa.o)
                0x080083c8                _dtoa_r
 .text.__sflush_r
                0x08009318      0x15c /usr/lib/gcc/arm-none-eabi/4.8.2/../../../arm-none-eabi/lib/armv7e-m/fpu/libg.a(lib_a-fflush.o)
                0x08009318                __sflush_r
 .text._fflush_r
                0x08009474       0x2c /usr/lib/gcc/arm-none-eabi/4.8.2/../../../arm-none-eabi/lib/armv7e-m/fpu/libg.a(lib_a-fflush.o)
                0x08009474                _fflush_r
 .text._cleanup_r
                0x080094a0        0xc /usr/lib/gcc/arm-none-eabi/4.8.2/../../../arm-none-eabi/lib/armv7e-m/fpu/libg.a(lib_a-findfp.o)
                0x080094a0                _cleanup_r
 .text.__sinit  0x080094ac       0xf8 /usr/lib/gcc/arm-none-eabi/4.8.2/../../../arm-none-eabi/lib/armv7e-m/fpu/libg.a(lib_a-findfp.o)
                0x080094ac                __sinit
 .text.__sfp_lock_acquire
                0x080095a4        0x4 /usr/lib/gcc/arm-none-eabi/4.8.2/../../../arm-none-eabi/lib/armv7e-m/fpu/libg.a(lib_a-findfp.o)
                0x080095a4                __sfp_lock_acquire
 .text.__sfp_lock_release
                0x080095a8        0x4 /usr/lib/gcc/arm-none-eabi/4.8.2/../../../arm-none-eabi/lib/armv7e-m/fpu/libg.a(lib_a-findfp.o)
                0x080095a8                __sfp_lock_release
 .text._malloc_trim_r
                0x080095ac       0xa4 /usr/lib/gcc/arm-none-eabi/4.8.2/../../../arm-none-eabi/lib/armv7e-m/fpu/libg.a(lib_a-freer.o)
                0x080095ac                _malloc_trim_r
 .text._free_r  0x08009650      0x19c /usr/lib/gcc/arm-none-eabi/4.8.2/../../../arm-none-eabi/lib/armv7e-m/fpu/libg.a(lib_a-freer.o)
                0x08009650                _free_r
 .text.__sfvwrite_r
                0x080097ec      0x314 /usr/lib/gcc/arm-none-eabi/4.8.2/../../../arm-none-eabi/lib/armv7e-m/fpu/libg.a(lib_a-fvwrite.o)
                0x080097ec                __sfvwrite_r
 .text._fwalk   0x08009b00       0x4c /usr/lib/gcc/arm-none-eabi/4.8.2/../../../arm-none-eabi/lib/armv7e-m/fpu/libg.a(lib_a-fwalk.o)
                0x08009b00                _fwalk
 .text.__locale_charset
                0x08009b4c        0xc /usr/lib/gcc/arm-none-eabi/4.8.2/../../../arm-none-eabi/lib/armv7e-m/fpu/libg.a(lib_a-locale.o)
                0x08009b4c                __locale_charset
 .text.__locale_mb_cur_max
                0x08009b58        0xc /usr/lib/gcc/arm-none-eabi/4.8.2/../../../arm-none-eabi/lib/armv7e-m/fpu/libg.a(lib_a-locale.o)
                0x08009b58                __locale_mb_cur_max
 .text._localeconv_r
                0x08009b64        0xc /usr/lib/gcc/arm-none-eabi/4.8.2/../../../arm-none-eabi/lib/armv7e-m/fpu/libg.a(lib_a-locale.o)
                0x08009b64                _localeconv_r
 .text.__smakebuf_r
                0x08009b70       0xe4 /usr/lib/gcc/arm-none-eabi/4.8.2/../../../arm-none-eabi/lib/armv7e-m/fpu/libg.a(lib_a-makebuf.o)
                0x08009b70                __smakebuf_r
 .text.malloc   0x08009c54       0x10 /usr/lib/gcc/arm-none-eabi/4.8.2/../../../arm-none-eabi/lib/armv7e-m/fpu/libg.a(lib_a-malloc.o)
                0x08009c54                malloc
 .text._malloc_r
                0x08009c64      0x564 /usr/lib/gcc/arm-none-eabi/4.8.2/../../../arm-none-eabi/lib/armv7e-m/fpu/libg.a(lib_a-mallocr.o)
                0x08009c64                _malloc_r
 .text.memchr   0x0800a1c8       0x90 /usr/lib/gcc/arm-none-eabi/4.8.2/../../../arm-none-eabi/lib/armv7e-m/fpu/libg.a(lib_a-memchr-stub.o)
                0x0800a1c8                memchr
 .text.memmove  0x0800a258       0xc4 /usr/lib/gcc/arm-none-eabi/4.8.2/../../../arm-none-eabi/lib/armv7e-m/fpu/libg.a(lib_a-memmove.o)
                0x0800a258                memmove
 .text.__malloc_lock
                0x0800a31c        0x4 /usr/lib/gcc/arm-none-eabi/4.8.2/../../../arm-none-eabi/lib/armv7e-m/fpu/libg.a(lib_a-mlock.o)
                0x0800a31c                __malloc_lock
 .text.__malloc_unlock
                0x0800a320        0x4 /usr/lib/gcc/arm-none-eabi/4.8.2/../../../arm-none-eabi/lib/armv7e-m/fpu/libg.a(lib_a-mlock.o)
                0x0800a320                __malloc_unlock
 .text._Balloc  0x0800a324       0x4c /usr/lib/gcc/arm-none-eabi/4.8.2/../../../arm-none-eabi/lib/armv7e-m/fpu/libg.a(lib_a-mprec.o)
                0x0800a324                _Balloc
 .text._Bfree   0x0800a370       0x14 /usr/lib/gcc/arm-none-eabi/4.8.2/../../../arm-none-eabi/lib/armv7e-m/fpu/libg.a(lib_a-mprec.o)
                0x0800a370                _Bfree
 .text.__multadd
                0x0800a384       0x98 /usr/lib/gcc/arm-none-eabi/4.8.2/../../../arm-none-eabi/lib/armv7e-m/fpu/libg.a(lib_a-mprec.o)
                0x0800a384                __multadd
 .text.__hi0bits
                0x0800a41c       0x3c /usr/lib/gcc/arm-none-eabi/4.8.2/../../../arm-none-eabi/lib/armv7e-m/fpu/libg.a(lib_a-mprec.o)
                0x0800a41c                __hi0bits
 .text.__lo0bits
                0x0800a458       0x5c /usr/lib/gcc/arm-none-eabi/4.8.2/../../../arm-none-eabi/lib/armv7e-m/fpu/libg.a(lib_a-mprec.o)
                0x0800a458                __lo0bits
 .text.__i2b    0x0800a4b4       0x14 /usr/lib/gcc/arm-none-eabi/4.8.2/../../../arm-none-eabi/lib/armv7e-m/fpu/libg.a(lib_a-mprec.o)
                0x0800a4b4                __i2b
 .text.__multiply
                0x0800a4c8      0x154 /usr/lib/gcc/arm-none-eabi/4.8.2/../../../arm-none-eabi/lib/armv7e-m/fpu/libg.a(lib_a-mprec.o)
                0x0800a4c8                __multiply
 .text.__pow5mult
                0x0800a61c       0xa0 /usr/lib/gcc/arm-none-eabi/4.8.2/../../../arm-none-eabi/lib/armv7e-m/fpu/libg.a(lib_a-mprec.o)
                0x0800a61c                __pow5mult
 .text.__lshift
                0x0800a6bc       0xbc /usr/lib/gcc/arm-none-eabi/4.8.2/../../../arm-none-eabi/lib/armv7e-m/fpu/libg.a(lib_a-mprec.o)
                0x0800a6bc                __lshift
 .text.__mcmp   0x0800a778       0x44 /usr/lib/gcc/arm-none-eabi/4.8.2/../../../arm-none-eabi/lib/armv7e-m/fpu/libg.a(lib_a-mprec.o)
                0x0800a778                __mcmp
 .text.__mdiff  0x0800a7bc       0xd4 /usr/lib/gcc/arm-none-eabi/4.8.2/../../../arm-none-eabi/lib/armv7e-m/fpu/libg.a(lib_a-mprec.o)
                0x0800a7bc                __mdiff
 .text.__d2b    0x0800a890       0xb4 /usr/lib/gcc/arm-none-eabi/4.8.2/../../../arm-none-eabi/lib/armv7e-m/fpu/libg.a(lib_a-mprec.o)
                0x0800a890                __d2b
 .text._putc_r  0x0800a944       0x58 /usr/lib/gcc/arm-none-eabi/4.8.2/../../../arm-none-eabi/lib/armv7e-m/fpu/libg.a(lib_a-putc.o)
                0x0800a944                _putc_r
 .text._realloc_r
                0x0800a99c      0x3e0 /usr/lib/gcc/arm-none-eabi/4.8.2/../../../arm-none-eabi/lib/armv7e-m/fpu/libg.a(lib_a-reallocr.o)
                0x0800a99c                _realloc_r
 .text.__fpclassifyd
                0x0800ad7c       0x54 /usr/lib/gcc/arm-none-eabi/4.8.2/../../../arm-none-eabi/lib/armv7e-m/fpu/libg.a(lib_a-s_fpclassify.o)
                0x0800ad7c                __fpclassifyd
 .text.__sread  0x0800add0       0x24 /usr/lib/gcc/arm-none-eabi/4.8.2/../../../arm-none-eabi/lib/armv7e-m/fpu/libg.a(lib_a-stdio.o)
                0x0800add0                __sread
 .text.__swrite
                0x0800adf4       0x38 /usr/lib/gcc/arm-none-eabi/4.8.2/../../../arm-none-eabi/lib/armv7e-m/fpu/libg.a(lib_a-stdio.o)
                0x0800adf4                __swrite
 .text.__sseek  0x0800ae2c       0x20 /usr/lib/gcc/arm-none-eabi/4.8.2/../../../arm-none-eabi/lib/armv7e-m/fpu/libg.a(lib_a-stdio.o)
                0x0800ae2c                __sseek
 .text.__sclose
                0x0800ae4c        0x8 /usr/lib/gcc/arm-none-eabi/4.8.2/../../../arm-none-eabi/lib/armv7e-m/fpu/libg.a(lib_a-stdio.o)
                0x0800ae4c                __sclose
 .text.__sprint_r.part.0
                0x0800ae54       0x7c /usr/lib/gcc/arm-none-eabi/4.8.2/../../../arm-none-eabi/lib/armv7e-m/fpu/libg.a(lib_a-vfiprintf.o)
 .text.__sprint_r
                0x0800aed0       0x18 /usr/lib/gcc/arm-none-eabi/4.8.2/../../../arm-none-eabi/lib/armv7e-m/fpu/libg.a(lib_a-vfiprintf.o)
                0x0800aed0                __sprint_r
 .text.__swbuf_r
                0x0800aee8       0xa4 /usr/lib/gcc/arm-none-eabi/4.8.2/../../../arm-none-eabi/lib/armv7e-m/fpu/libg.a(lib_a-wbuf.o)
                0x0800aee8                __swbuf_r
 .text._calloc_r
                0x0800af8c       0x60 /usr/lib/gcc/arm-none-eabi/4.8.2/../../../arm-none-eabi/lib/armv7e-m/fpu/libg.a(lib_a-callocr.o)
                0x0800af8c                _calloc_r
 .text._fclose_r
                0x0800afec       0x84 /usr/lib/gcc/arm-none-eabi/4.8.2/../../../arm-none-eabi/lib/armv7e-m/fpu/libg.a(lib_a-fclose.o)
                0x0800afec                _fclose_r
 .text.fclose   0x0800b070       0x10 /usr/lib/gcc/arm-none-eabi/4.8.2/../../../arm-none-eabi/lib/armv7e-m/fpu/libg.a(lib_a-fclose.o)
                0x0800b070                fclose
 .text._fputwc_r
                0x0800b080       0xc0 /usr/lib/gcc/arm-none-eabi/4.8.2/../../../arm-none-eabi/lib/armv7e-m/fpu/libg.a(lib_a-fputwc.o)
                0x0800b080                _fputwc_r
 .text._wcrtomb_r
                0x0800b140       0x58 /usr/lib/gcc/arm-none-eabi/4.8.2/../../../arm-none-eabi/lib/armv7e-m/fpu/libg.a(lib_a-wcrtomb.o)
                0x0800b140                _wcrtomb_r
 .text.__ascii_wctomb
                0x0800b198       0x1c /usr/lib/gcc/arm-none-eabi/4.8.2/../../../arm-none-eabi/lib/armv7e-m/fpu/libg.a(lib_a-wctomb_r.o)
                0x0800b198                __ascii_wctomb
 *(.glue_7)
 .glue_7        0x00000000        0x0 linker stubs
 *(.glue_7t)
 .glue_7t       0x00000000        0x0 linker stubs
 *(.eh_frame)
 .eh_frame      0x0800b1b4        0x0 /usr/lib/gcc/arm-none-eabi/4.8.2/armv7e-m/fpu/crtbegin.o
 *(.init)
 .init          0x0800b1b4        0x4 /usr/lib/gcc/arm-none-eabi/4.8.2/armv7e-m/fpu/crti.o
                0x0800b1b4                _init
 .init          0x0800b1b8        0x8 /usr/lib/gcc/arm-none-eabi/4.8.2/armv7e-m/fpu/crtn.o
 *(.fini)
 .fini          0x0800b1c0        0x4 /usr/lib/gcc/arm-none-eabi/4.8.2/armv7e-m/fpu/crti.o
                0x0800b1c0                _fini
 .fini          0x0800b1c4        0x8 /usr/lib/gcc/arm-none-eabi/4.8.2/armv7e-m/fpu/crtn.o
                0x0800b1cc                . = ALIGN (0x4)
                0x0800b1cc                _etext = .

.vfp11_veneer   0x0800b1cc        0x0
 .vfp11_veneer  0x00000000        0x0 linker stubs

.v4_bx          0x0800b1cc        0x0
 .v4_bx         0x00000000        0x0 linker stubs

.iplt           0x0800b1cc        0x0
 .iplt          0x00000000        0x0 /usr/lib/gcc/arm-none-eabi/4.8.2/armv7e-m/fpu/crtbegin.o

.rodata         0x0800b1d0    0x109fc
                0x0800b1d0                . = ALIGN (0x4)
 *(.rodata)
 *(.rodata*)
 .rodata.str1.1
                0x0800b1d0      0x1d2 build/main.o
                                0x1d9 (size before relaxing)
 .rodata.LEDs   0x0800b3a2        0x8 build/main.o
                0x0800b3a2                LEDs
 .rodata.str1.1
                0x0800b3aa       0x49 build/cooperative.o
 .rodata.str1.1
                0x0800b3f3       0xea build/cooperative_exe.o
 .rodata.str1.1
                0x0800b4dd       0x7d build/dc_motor.o
 .rodata.str1.1
                0x0800b55a       0x5d build/mytest.o
 .rodata.str1.1
                0x0800b5b7       0x4b build/monitor.o
                                 0x4d (size before relaxing)
 .rodata.str1.1
                0x0800b602       0xe4 build/parser.o
 .rodata.__FUNCTION__.5777
                0x0800b6e6        0x6 build/parser.o
 .rodata.str1.1
                0x0800b6ec      0x1fc build/dump.o
                                0x1fe (size before relaxing)
 .rodata.str1.1
                0x0800b8e8       0xaa build/terminal.o
                                 0xac (size before relaxing)
 .rodata.str1.1
                0x0800b992      0x4b8 build/decoder/decoder.o
                                0x4c0 (size before relaxing)
 *fill*         0x0800be4a        0x2 
 .rodata.TIM1_CCER_fields
                0x0800be4c       0xa0 build/decoder/STM32F30x_decoder.o
                0x0800be4c                TIM1_CCER_fields
 .rodata.DMA1_registers
                0x0800beec      0x174 build/decoder/STM32F30x_decoder.o
                0x0800beec                DMA1_registers
 .rodata.SPI1_DR_fields
                0x0800c060       0x10 build/decoder/STM32F30x_decoder.o
                0x0800c060                SPI1_DR_fields
 .rodata.ADC1_2_CSR_fields
                0x0800c070       0xb8 build/decoder/STM32F30x_decoder.o
                0x0800c070                ADC1_2_CSR_fields
 .rodata.USB_FS_USB_EP3R_fields
                0x0800c128       0x58 build/decoder/STM32F30x_decoder.o
                0x0800c128                USB_FS_USB_EP3R_fields
 .rodata.GPIOB_PUPDR_fields
                0x0800c180       0x88 build/decoder/STM32F30x_decoder.o
                0x0800c180                GPIOB_PUPDR_fields
 .rodata.TSC_IOG8CR_fields
                0x0800c208       0x10 build/decoder/STM32F30x_decoder.o
                0x0800c208                TSC_IOG8CR_fields
 .rodata.TIM1_CCMR3_Output_fields
                0x0800c218       0x58 build/decoder/STM32F30x_decoder.o
                0x0800c218                TIM1_CCMR3_Output_fields
 .rodata.TIM1_SMCR_fields
                0x0800c270       0x50 build/decoder/STM32F30x_decoder.o
                0x0800c270                TIM1_SMCR_fields
 .rodata.RTC_SHIFTR_fields
                0x0800c2c0       0x18 build/decoder/STM32F30x_decoder.o
                0x0800c2c0                RTC_SHIFTR_fields
 .rodata.CAN_F24R1_fields
                0x0800c2d8      0x108 build/decoder/STM32F30x_decoder.o
                0x0800c2d8                CAN_F24R1_fields
 .rodata.RTC_TSDR_fields
                0x0800c3e0       0x30 build/decoder/STM32F30x_decoder.o
                0x0800c3e0                RTC_TSDR_fields
 .rodata.RTC_BKP22R_fields
                0x0800c410       0x10 build/decoder/STM32F30x_decoder.o
                0x0800c410                RTC_BKP22R_fields
 .rodata.TIM1_CCMR2_Output_fields
                0x0800c420       0x68 build/decoder/STM32F30x_decoder.o
                0x0800c420                TIM1_CCMR2_Output_fields
 .rodata.TIM17_RCR_fields
                0x0800c488       0x10 build/decoder/STM32F30x_decoder.o
                0x0800c488                TIM17_RCR_fields
 .rodata.EXTI_EMR1_fields
                0x0800c498      0x108 build/decoder/STM32F30x_decoder.o
                0x0800c498                EXTI_EMR1_fields
 .rodata.CAN_F11R2_fields
                0x0800c5a0      0x108 build/decoder/STM32F30x_decoder.o
                0x0800c5a0                CAN_F11R2_fields
 .rodata.USB_FS_ISTR_fields
                0x0800c6a8       0x58 build/decoder/STM32F30x_decoder.o
                0x0800c6a8                USB_FS_ISTR_fields
 .rodata.I2C1_ICR_fields
                0x0800c700       0x50 build/decoder/STM32F30x_decoder.o
                0x0800c700                I2C1_ICR_fields
 .rodata.TIM16_ARR_fields
                0x0800c750       0x10 build/decoder/STM32F30x_decoder.o
                0x0800c750                TIM16_ARR_fields
 .rodata.RTC_ISR_fields
                0x0800c760       0x90 build/decoder/STM32F30x_decoder.o
                0x0800c760                RTC_ISR_fields
 .rodata.RTC_BKP27R_fields
                0x0800c7f0       0x10 build/decoder/STM32F30x_decoder.o
                0x0800c7f0                RTC_BKP27R_fields
 .rodata.TIM8_CCR6_fields
                0x0800c800       0x10 build/decoder/STM32F30x_decoder.o
                0x0800c800                TIM8_CCR6_fields
 .rodata.TIM17_BDTR_fields
                0x0800c810       0x50 build/decoder/STM32F30x_decoder.o
                0x0800c810                TIM17_BDTR_fields
 .rodata.TIM8_CCMR1_Input_fields
                0x0800c860       0x38 build/decoder/STM32F30x_decoder.o
                0x0800c860                TIM8_CCMR1_Input_fields
 .rodata.DAC_registers
                0x0800c898       0xb4 build/decoder/STM32F30x_decoder.o
                0x0800c898                DAC_registers
 .rodata.IWDG_WINR_fields
                0x0800c94c       0x10 build/decoder/STM32F30x_decoder.o
                0x0800c94c                IWDG_WINR_fields
 .rodata.CAN_F19R2_fields
                0x0800c95c      0x108 build/decoder/STM32F30x_decoder.o
                0x0800c95c                CAN_F19R2_fields
 .rodata.CAN_RF1R_fields
                0x0800ca64       0x28 build/decoder/STM32F30x_decoder.o
                0x0800ca64                CAN_RF1R_fields
 .rodata.RTC_BKP16R_fields
                0x0800ca8c       0x10 build/decoder/STM32F30x_decoder.o
                0x0800ca8c                RTC_BKP16R_fields
 .rodata.RTC_CALR_fields
                0x0800ca9c       0x28 build/decoder/STM32F30x_decoder.o
                0x0800ca9c                RTC_CALR_fields
 .rodata.TIM2_SR_fields
                0x0800cac4       0x58 build/decoder/STM32F30x_decoder.o
                0x0800cac4                TIM2_SR_fields
 .rodata.SYSCFG_EXTICR2_fields
                0x0800cb1c       0x28 build/decoder/STM32F30x_decoder.o
                0x0800cb1c                SYSCFG_EXTICR2_fields
 .rodata.CAN_MCR_fields
                0x0800cb44       0x58 build/decoder/STM32F30x_decoder.o
                0x0800cb44                CAN_MCR_fields
 .rodata.TIM17_SR_fields
                0x0800cb9c       0x38 build/decoder/STM32F30x_decoder.o
                0x0800cb9c                TIM17_SR_fields
 .rodata.USART1_GTPR_fields
                0x0800cbd4       0x18 build/decoder/STM32F30x_decoder.o
                0x0800cbd4                USART1_GTPR_fields
 .rodata.DAC_DOR1_fields
                0x0800cbec       0x10 build/decoder/STM32F30x_decoder.o
                0x0800cbec                DAC_DOR1_fields
 .rodata.CAN_F1R1_fields
                0x0800cbfc      0x108 build/decoder/STM32F30x_decoder.o
                0x0800cbfc                CAN_F1R1_fields
 .rodata.CAN_FA1R_fields
                0x0800cd04       0xe8 build/decoder/STM32F30x_decoder.o
                0x0800cd04                CAN_FA1R_fields
 .rodata.RTC_BKP6R_fields
                0x0800cdec       0x10 build/decoder/STM32F30x_decoder.o
                0x0800cdec                RTC_BKP6R_fields
 .rodata.RCC_CFGR_fields
                0x0800cdfc       0x68 build/decoder/STM32F30x_decoder.o
                0x0800cdfc                RCC_CFGR_fields
 .rodata.PWR_CR_fields
                0x0800ce64       0x40 build/decoder/STM32F30x_decoder.o
                0x0800ce64                PWR_CR_fields
 .rodata.NVIC_ISER0_fields
                0x0800cea4       0x10 build/decoder/STM32F30x_decoder.o
                0x0800cea4                NVIC_ISER0_fields
 .rodata.DMA1_CPAR7_fields
                0x0800ceb4       0x10 build/decoder/STM32F30x_decoder.o
                0x0800ceb4                DMA1_CPAR7_fields
 .rodata.TSC_IOHCR_fields
                0x0800cec4      0x108 build/decoder/STM32F30x_decoder.o
                0x0800cec4                TSC_IOHCR_fields
 .rodata.CAN_F27R1_fields
                0x0800cfcc      0x108 build/decoder/STM32F30x_decoder.o
                0x0800cfcc                CAN_F27R1_fields
 .rodata.TIM6_ARR_fields
                0x0800d0d4       0x10 build/decoder/STM32F30x_decoder.o
                0x0800d0d4                TIM6_ARR_fields
 .rodata.CAN_F12R1_fields
                0x0800d0e4      0x108 build/decoder/STM32F30x_decoder.o
                0x0800d0e4                CAN_F12R1_fields
 .rodata.TIM15_DCR_fields
                0x0800d1ec       0x18 build/decoder/STM32F30x_decoder.o
                0x0800d1ec                TIM15_DCR_fields
 .rodata.NVIC_IPR18_fields
                0x0800d204       0x28 build/decoder/STM32F30x_decoder.o
                0x0800d204                NVIC_IPR18_fields
 .rodata.RTC_BKP13R_fields
                0x0800d22c       0x10 build/decoder/STM32F30x_decoder.o
                0x0800d22c                RTC_BKP13R_fields
 .rodata.CAN_BTR_fields
                0x0800d23c       0x38 build/decoder/STM32F30x_decoder.o
                0x0800d23c                CAN_BTR_fields
 .rodata.TIM15_BDTR_fields
                0x0800d274       0x50 build/decoder/STM32F30x_decoder.o
                0x0800d274                TIM15_BDTR_fields
 .rodata.NVIC_IPR1_fields
                0x0800d2c4       0x28 build/decoder/STM32F30x_decoder.o
                0x0800d2c4                NVIC_IPR1_fields
 .rodata.TIM15_PSC_fields
                0x0800d2ec       0x10 build/decoder/STM32F30x_decoder.o
                0x0800d2ec                TIM15_PSC_fields
 .rodata.Flash_ACR_fields
                0x0800d2fc       0x20 build/decoder/STM32F30x_decoder.o
                0x0800d2fc                Flash_ACR_fields
 .rodata.TIM17_CCMR1_Output_fields
                0x0800d31c       0x30 build/decoder/STM32F30x_decoder.o
                0x0800d31c                TIM17_CCMR1_Output_fields
 .rodata.TIM2_ARR_fields
                0x0800d34c       0x18 build/decoder/STM32F30x_decoder.o
                0x0800d34c                TIM2_ARR_fields
 .rodata.Flash_registers
                0x0800d364       0x6c build/decoder/STM32F30x_decoder.o
                0x0800d364                Flash_registers
 .rodata.CAN_TDH0R_fields
                0x0800d3d0       0x28 build/decoder/STM32F30x_decoder.o
                0x0800d3d0                CAN_TDH0R_fields
 .rodata.TIM1_DCR_fields
                0x0800d3f8       0x18 build/decoder/STM32F30x_decoder.o
                0x0800d3f8                TIM1_DCR_fields
 .rodata.CAN_TI2R_fields
                0x0800d410       0x30 build/decoder/STM32F30x_decoder.o
                0x0800d410                CAN_TI2R_fields
 .rodata.ADC1_IER_fields
                0x0800d440       0x60 build/decoder/STM32F30x_decoder.o
                0x0800d440                ADC1_IER_fields
 .rodata.NVIC_ICPR2_fields
                0x0800d4a0       0x10 build/decoder/STM32F30x_decoder.o
                0x0800d4a0                NVIC_ICPR2_fields
 .rodata.EXTI_IMR1_fields
                0x0800d4b0      0x108 build/decoder/STM32F30x_decoder.o
                0x0800d4b0                EXTI_IMR1_fields
 .rodata.TSC_IOASCR_fields
                0x0800d5b8      0x108 build/decoder/STM32F30x_decoder.o
                0x0800d5b8                TSC_IOASCR_fields
 .rodata.RCC_CFGR2_fields
                0x0800d6c0       0x20 build/decoder/STM32F30x_decoder.o
                0x0800d6c0                RCC_CFGR2_fields
 .rodata.TIM1_PSC_fields
                0x0800d6e0       0x10 build/decoder/STM32F30x_decoder.o
                0x0800d6e0                TIM1_PSC_fields
 .rodata.Flash_KEYR_fields
                0x0800d6f0       0x10 build/decoder/STM32F30x_decoder.o
                0x0800d6f0                Flash_KEYR_fields
 .rodata.TIM8_CR2_fields
                0x0800d700       0x80 build/decoder/STM32F30x_decoder.o
                0x0800d700                TIM8_CR2_fields
 .rodata.ADC1_CFGR_fields
                0x0800d780       0xa0 build/decoder/STM32F30x_decoder.o
                0x0800d780                ADC1_CFGR_fields
 .rodata.TIM17_EGR_fields
                0x0800d820       0x30 build/decoder/STM32F30x_decoder.o
                0x0800d820                TIM17_EGR_fields
 .rodata.TSC_IOGCSR_fields
                0x0800d850       0x88 build/decoder/STM32F30x_decoder.o
                0x0800d850                TSC_IOGCSR_fields
 .rodata.NVIC_IPR0_fields
                0x0800d8d8       0x28 build/decoder/STM32F30x_decoder.o
                0x0800d8d8                NVIC_IPR0_fields
 .rodata.NVIC_IPR8_fields
                0x0800d900       0x28 build/decoder/STM32F30x_decoder.o
                0x0800d900                NVIC_IPR8_fields
 .rodata.RTC_WUTR_fields
                0x0800d928       0x10 build/decoder/STM32F30x_decoder.o
                0x0800d928                RTC_WUTR_fields
 .rodata.GPIOB_OSPEEDR_fields
                0x0800d938       0x88 build/decoder/STM32F30x_decoder.o
                0x0800d938                GPIOB_OSPEEDR_fields
 .rodata.ADC1_ISR_fields
                0x0800d9c0       0x60 build/decoder/STM32F30x_decoder.o
                0x0800d9c0                ADC1_ISR_fields
 .rodata.NVIC_ICER1_fields
                0x0800da20       0x10 build/decoder/STM32F30x_decoder.o
                0x0800da20                NVIC_ICER1_fields
 .rodata.RTC_BKP7R_fields
                0x0800da30       0x10 build/decoder/STM32F30x_decoder.o
                0x0800da30                RTC_BKP7R_fields
 .rodata.CAN_RF0R_fields
                0x0800da40       0x28 build/decoder/STM32F30x_decoder.o
                0x0800da40                CAN_RF0R_fields
 .rodata.CAN_FS1R_fields
                0x0800da68       0xe8 build/decoder/STM32F30x_decoder.o
                0x0800da68                CAN_FS1R_fields
 .rodata.GPIOA_AFRL_fields
                0x0800db50       0x48 build/decoder/STM32F30x_decoder.o
                0x0800db50                GPIOA_AFRL_fields
 .rodata.DMA1_CMAR3_fields
                0x0800db98       0x10 build/decoder/STM32F30x_decoder.o
                0x0800db98                DMA1_CMAR3_fields
 .rodata.ADC1_SQR1_fields
                0x0800dba8       0x30 build/decoder/STM32F30x_decoder.o
                0x0800dba8                ADC1_SQR1_fields
 .rodata.CAN_F15R2_fields
                0x0800dbd8      0x108 build/decoder/STM32F30x_decoder.o
                0x0800dbd8                CAN_F15R2_fields
 .rodata.IWDG_PR_fields
                0x0800dce0       0x10 build/decoder/STM32F30x_decoder.o
                0x0800dce0                IWDG_PR_fields
 .rodata.TIM2_DMAR_fields
                0x0800dcf0       0x10 build/decoder/STM32F30x_decoder.o
                0x0800dcf0                TIM2_DMAR_fields
 .rodata.I2C1_TIMEOUTR_fields
                0x0800dd00       0x30 build/decoder/STM32F30x_decoder.o
                0x0800dd00                I2C1_TIMEOUTR_fields
 .rodata.GPIOB_LCKR_fields
                0x0800dd30       0x90 build/decoder/STM32F30x_decoder.o
                0x0800dd30                GPIOB_LCKR_fields
 .rodata.DAC_DHR8R1_fields
                0x0800ddc0       0x10 build/decoder/STM32F30x_decoder.o
                0x0800ddc0                DAC_DHR8R1_fields
 .rodata.TIM1_CCMR1_Output_fields
                0x0800ddd0       0x68 build/decoder/STM32F30x_decoder.o
                0x0800ddd0                TIM1_CCMR1_Output_fields
 .rodata.TIM1_CCR2_fields
                0x0800de38       0x10 build/decoder/STM32F30x_decoder.o
                0x0800de38                TIM1_CCR2_fields
 .rodata.TIM1_OR_fields
                0x0800de48       0x18 build/decoder/STM32F30x_decoder.o
                0x0800de48                TIM1_OR_fields
 .rodata.USART1_TDR_fields
                0x0800de60       0x10 build/decoder/STM32F30x_decoder.o
                0x0800de60                USART1_TDR_fields
 .rodata.NVIC_STIR_fields
                0x0800de70       0x10 build/decoder/STM32F30x_decoder.o
                0x0800de70                NVIC_STIR_fields
 .rodata.USB_FS_USB_EP7R_fields
                0x0800de80       0x58 build/decoder/STM32F30x_decoder.o
                0x0800de80                USB_FS_USB_EP7R_fields
 .rodata.ADC1_SQR4_fields
                0x0800ded8       0x18 build/decoder/STM32F30x_decoder.o
                0x0800ded8                ADC1_SQR4_fields
 .rodata.SYSCFG_registers
                0x0800def0       0x60 build/decoder/STM32F30x_decoder.o
                0x0800def0                SYSCFG_registers
 .rodata.PWR_CSR_fields
                0x0800df50       0x30 build/decoder/STM32F30x_decoder.o
                0x0800df50                PWR_CSR_fields
 .rodata.GPIOB_AFRH_fields
                0x0800df80       0x48 build/decoder/STM32F30x_decoder.o
                0x0800df80                GPIOB_AFRH_fields
 .rodata.FPU_FPCCR_fields
                0x0800dfc8       0x50 build/decoder/STM32F30x_decoder.o
                0x0800dfc8                FPU_FPCCR_fields
 .rodata.DBGMCU_APB2FZ_fields
                0x0800e018       0x28 build/decoder/STM32F30x_decoder.o
                0x0800e018                DBGMCU_APB2FZ_fields
 .rodata.TIM8_CCR1_fields
                0x0800e040       0x10 build/decoder/STM32F30x_decoder.o
                0x0800e040                TIM8_CCR1_fields
 .rodata.WWDG_SR_fields
                0x0800e050       0x10 build/decoder/STM32F30x_decoder.o
                0x0800e050                WWDG_SR_fields
 .rodata.TIM16_DIER_fields
                0x0800e060       0x50 build/decoder/STM32F30x_decoder.o
                0x0800e060                TIM16_DIER_fields
 .rodata.TIM1_CCR5_fields
                0x0800e0b0       0x28 build/decoder/STM32F30x_decoder.o
                0x0800e0b0                TIM1_CCR5_fields
 .rodata.TIM8_BDTR_fields
                0x0800e0d8       0x68 build/decoder/STM32F30x_decoder.o
                0x0800e0d8                TIM8_BDTR_fields
 .rodata.Flash_CR_fields
                0x0800e140       0x60 build/decoder/STM32F30x_decoder.o
                0x0800e140                Flash_CR_fields
 .rodata.RTC_BKP26R_fields
                0x0800e1a0       0x10 build/decoder/STM32F30x_decoder.o
                0x0800e1a0                RTC_BKP26R_fields
 .rodata.Flash_OBR_fields
                0x0800e1b0       0x60 build/decoder/STM32F30x_decoder.o
                0x0800e1b0                Flash_OBR_fields
 .rodata.ADC1_AWD2CR_fields
                0x0800e210       0x10 build/decoder/STM32F30x_decoder.o
                0x0800e210                ADC1_AWD2CR_fields
 .rodata.FPU_registers
                0x0800e220       0x54 build/decoder/STM32F30x_decoder.o
                0x0800e220                FPU_registers
 .rodata.DAC_CR_fields
                0x0800e274       0x88 build/decoder/STM32F30x_decoder.o
                0x0800e274                DAC_CR_fields
 .rodata.NVIC_IPR10_fields
                0x0800e2fc       0x28 build/decoder/STM32F30x_decoder.o
                0x0800e2fc                NVIC_IPR10_fields
 .rodata.TIM15_CCR1_fields
                0x0800e324       0x10 build/decoder/STM32F30x_decoder.o
                0x0800e324                TIM15_CCR1_fields
 .rodata.RTC_ALRMAR_fields
                0x0800e334       0x78 build/decoder/STM32F30x_decoder.o
                0x0800e334                RTC_ALRMAR_fields
 .rodata.GPIOA_BSRR_fields
                0x0800e3ac      0x108 build/decoder/STM32F30x_decoder.o
                0x0800e3ac                GPIOA_BSRR_fields
 .rodata.TIM16_SR_fields
                0x0800e4b4       0x38 build/decoder/STM32F30x_decoder.o
                0x0800e4b4                TIM16_SR_fields
 .rodata.CAN_F6R1_fields
                0x0800e4ec      0x108 build/decoder/STM32F30x_decoder.o
                0x0800e4ec                CAN_F6R1_fields
 .rodata.ADC1_OFR1_fields
                0x0800e5f4       0x20 build/decoder/STM32F30x_decoder.o
                0x0800e5f4                ADC1_OFR1_fields
 .rodata.TIM15_CR1_fields
                0x0800e614       0x40 build/decoder/STM32F30x_decoder.o
                0x0800e614                TIM15_CR1_fields
 .rodata.NVIC_IABR2_fields
                0x0800e654       0x10 build/decoder/STM32F30x_decoder.o
                0x0800e654                NVIC_IABR2_fields
 .rodata.DMA1_CCR2_fields
                0x0800e664       0x68 build/decoder/STM32F30x_decoder.o
                0x0800e664                DMA1_CCR2_fields
 .rodata.NVIC_IPR13_fields
                0x0800e6cc       0x28 build/decoder/STM32F30x_decoder.o
                0x0800e6cc                NVIC_IPR13_fields
 .rodata.CAN_F22R2_fields
                0x0800e6f4      0x108 build/decoder/STM32F30x_decoder.o
                0x0800e6f4                CAN_F22R2_fields
 .rodata.CAN_F0R2_fields
                0x0800e7fc      0x108 build/decoder/STM32F30x_decoder.o
                0x0800e7fc                CAN_F0R2_fields
 .rodata.RTC_BKP0R_fields
                0x0800e904       0x10 build/decoder/STM32F30x_decoder.o
                0x0800e904                RTC_BKP0R_fields
 .rodata.CAN_F19R1_fields
                0x0800e914      0x108 build/decoder/STM32F30x_decoder.o
                0x0800e914                CAN_F19R1_fields
 .rodata.DMA1_IFCR_fields
                0x0800ea1c       0xe8 build/decoder/STM32F30x_decoder.o
                0x0800ea1c                DMA1_IFCR_fields
 .rodata.TIM16_CCMR1_Input_fields
                0x0800eb04       0x20 build/decoder/STM32F30x_decoder.o
                0x0800eb04                TIM16_CCMR1_Input_fields
 .rodata.TIM2_SMCR_fields
                0x0800eb24       0x50 build/decoder/STM32F30x_decoder.o
                0x0800eb24                TIM2_SMCR_fields
 .rodata.CAN_TDT1R_fields
                0x0800eb74       0x20 build/decoder/STM32F30x_decoder.o
                0x0800eb74                CAN_TDT1R_fields
 .rodata.COMP_COMP6_CSR_fields
                0x0800eb94       0x60 build/decoder/STM32F30x_decoder.o
                0x0800eb94                COMP_COMP6_CSR_fields
 .rodata.I2C1_CR2_fields
                0x0800ebf4       0x70 build/decoder/STM32F30x_decoder.o
                0x0800ebf4                I2C1_CR2_fields
 .rodata.TIM1_CR1_fields
                0x0800ec64       0x50 build/decoder/STM32F30x_decoder.o
                0x0800ec64                TIM1_CR1_fields
 .rodata.CAN_F26R2_fields
                0x0800ecb4      0x108 build/decoder/STM32F30x_decoder.o
                0x0800ecb4                CAN_F26R2_fields
 .rodata.RTC_BKP10R_fields
                0x0800edbc       0x10 build/decoder/STM32F30x_decoder.o
                0x0800edbc                RTC_BKP10R_fields
 .rodata.DMA1_CMAR6_fields
                0x0800edcc       0x10 build/decoder/STM32F30x_decoder.o
                0x0800edcc                DMA1_CMAR6_fields
 .rodata.CAN_F23R1_fields
                0x0800eddc      0x108 build/decoder/STM32F30x_decoder.o
                0x0800eddc                CAN_F23R1_fields
 .rodata.NVIC_IPR20_fields
                0x0800eee4       0x28 build/decoder/STM32F30x_decoder.o
                0x0800eee4                NVIC_IPR20_fields
 .rodata.ADC1_DR_fields
                0x0800ef0c       0x10 build/decoder/STM32F30x_decoder.o
                0x0800ef0c                ADC1_DR_fields
 .rodata.CAN_F16R1_fields
                0x0800ef1c      0x108 build/decoder/STM32F30x_decoder.o
                0x0800ef1c                CAN_F16R1_fields
 .rodata.TSC_registers
                0x0800f024       0xd8 build/decoder/STM32F30x_decoder.o
                0x0800f024                TSC_registers
 .rodata.ADC1_registers
                0x0800f0fc      0x150 build/decoder/STM32F30x_decoder.o
                0x0800f0fc                ADC1_registers
 .rodata.TIM17_CR2_fields
                0x0800f24c       0x30 build/decoder/STM32F30x_decoder.o
                0x0800f24c                TIM17_CR2_fields
 .rodata.PWR_registers
                0x0800f27c       0x24 build/decoder/STM32F30x_decoder.o
                0x0800f27c                PWR_registers
 .rodata.TIM8_ARR_fields
                0x0800f2a0       0x10 build/decoder/STM32F30x_decoder.o
                0x0800f2a0                TIM8_ARR_fields
 .rodata.EXTI_RTSR1_fields
                0x0800f2b0       0xd8 build/decoder/STM32F30x_decoder.o
                0x0800f2b0                EXTI_RTSR1_fields
 .rodata.RCC_APB2ENR_fields
                0x0800f388       0x48 build/decoder/STM32F30x_decoder.o
                0x0800f388                RCC_APB2ENR_fields
 .rodata.NVIC_IPR3_fields
                0x0800f3d0       0x28 build/decoder/STM32F30x_decoder.o
                0x0800f3d0                NVIC_IPR3_fields
 .rodata.I2C1_TIMINGR_fields
                0x0800f3f8       0x30 build/decoder/STM32F30x_decoder.o
                0x0800f3f8                I2C1_TIMINGR_fields
 .rodata.USART1_CR1_fields
                0x0800f428       0xa8 build/decoder/STM32F30x_decoder.o
                0x0800f428                USART1_CR1_fields
 .rodata.CAN_F13R1_fields
                0x0800f4d0      0x108 build/decoder/STM32F30x_decoder.o
                0x0800f4d0                CAN_F13R1_fields
 .rodata.RCC_CSR_fields
                0x0800f5d8       0x58 build/decoder/STM32F30x_decoder.o
                0x0800f5d8                RCC_CSR_fields
 .rodata.GPIOB_BSRR_fields
                0x0800f630      0x108 build/decoder/STM32F30x_decoder.o
                0x0800f630                GPIOB_BSRR_fields
 .rodata.DES_UID0_fields
                0x0800f738       0x18 build/decoder/STM32F30x_decoder.o
                0x0800f738                DES_UID0_fields
 .rodata.NVIC_IABR0_fields
                0x0800f750       0x10 build/decoder/STM32F30x_decoder.o
                0x0800f750                NVIC_IABR0_fields
 .rodata.TIM2_EGR_fields
                0x0800f760       0x38 build/decoder/STM32F30x_decoder.o
                0x0800f760                TIM2_EGR_fields
 .rodata.USART1_CR3_fields
                0x0800f798       0xa0 build/decoder/STM32F30x_decoder.o
                0x0800f798                USART1_CR3_fields
 .rodata.TIM2_DIER_fields
                0x0800f838       0x68 build/decoder/STM32F30x_decoder.o
                0x0800f838                TIM2_DIER_fields
 .rodata.CAN_MSR_fields
                0x0800f8a0       0x50 build/decoder/STM32F30x_decoder.o
                0x0800f8a0                CAN_MSR_fields
 .rodata.DAC_DHR12L1_fields
                0x0800f8f0       0x10 build/decoder/STM32F30x_decoder.o
                0x0800f8f0                DAC_DHR12L1_fields
 .rodata.FPU_MVFR0_fields
                0x0800f900       0x48 build/decoder/STM32F30x_decoder.o
                0x0800f900                FPU_MVFR0_fields
 .rodata.SPI1_CR1_fields
                0x0800f948       0x78 build/decoder/STM32F30x_decoder.o
                0x0800f948                SPI1_CR1_fields
 .rodata.EXTI_registers
                0x0800f9c0       0x9c build/decoder/STM32F30x_decoder.o
                0x0800f9c0                EXTI_registers
 .rodata.USB_FS_DADDR_fields
                0x0800fa5c       0x48 build/decoder/STM32F30x_decoder.o
                0x0800fa5c                USB_FS_DADDR_fields
 .rodata.RTC_BKP8R_fields
                0x0800faa4       0x10 build/decoder/STM32F30x_decoder.o
                0x0800faa4                RTC_BKP8R_fields
 .rodata.CAN_F2R1_fields
                0x0800fab4      0x108 build/decoder/STM32F30x_decoder.o
                0x0800fab4                CAN_F2R1_fields
 .rodata.TIM8_CCR4_fields
                0x0800fbbc       0x10 build/decoder/STM32F30x_decoder.o
                0x0800fbbc                TIM8_CCR4_fields
 .rodata.USB_FS_USB_EP4R_fields
                0x0800fbcc       0x58 build/decoder/STM32F30x_decoder.o
                0x0800fbcc                USB_FS_USB_EP4R_fields
 .rodata.TIM8_CNT_fields
                0x0800fc24       0x18 build/decoder/STM32F30x_decoder.o
                0x0800fc24                TIM8_CNT_fields
 .rodata.RTC_PRER_fields
                0x0800fc3c       0x18 build/decoder/STM32F30x_decoder.o
                0x0800fc3c                RTC_PRER_fields
 .rodata.TIM1_SR_fields
                0x0800fc54       0x80 build/decoder/STM32F30x_decoder.o
                0x0800fc54                TIM1_SR_fields
 .rodata.DMA1_CPAR2_fields
                0x0800fcd4       0x10 build/decoder/STM32F30x_decoder.o
                0x0800fcd4                DMA1_CPAR2_fields
 .rodata.NVIC_IPR15_fields
                0x0800fce4       0x28 build/decoder/STM32F30x_decoder.o
                0x0800fce4                NVIC_IPR15_fields
 .rodata.TSC_CR_fields
                0x0800fd0c       0x68 build/decoder/STM32F30x_decoder.o
                0x0800fd0c                TSC_CR_fields
 .rodata.SPI1_SR_fields
                0x0800fd74       0x60 build/decoder/STM32F30x_decoder.o
                0x0800fd74                SPI1_SR_fields
 .rodata.ADC1_JDR3_fields
                0x0800fdd4       0x10 build/decoder/STM32F30x_decoder.o
                0x0800fdd4                ADC1_JDR3_fields
 .rodata.NVIC_ICTR_fields
                0x0800fde4       0x10 build/decoder/STM32F30x_decoder.o